---
source: binoc-stdlib/src/test_vectors.rs
expression: "&abi_log"
---
[
  {
    "method": "compare",
    "plugin": "binoc.directory",
    "data_ops": [
      {
        "op": "local_path",
        "handle": ""
      },
      {
        "op": "local_path",
        "handle": ""
      },
      {
        "op": "register_local",
        "logical": "data.sqlite"
      },
      {
        "op": "read_bytes",
        "handle": "data.sqlite",
        "result_size": 12288
      },
      {
        "op": "register_local",
        "logical": "data.sqlite"
      },
      {
        "op": "read_bytes",
        "handle": "data.sqlite",
        "result_size": 16384
      }
    ]
  },
  {
    "method": "compare",
    "plugin": "binoc-sqlite.sqlite",
    "data_ops": [
      {
        "op": "local_path",
        "handle": "data.sqlite"
      },
      {
        "op": "local_path",
        "handle": "data.sqlite"
      },
      {
        "op": "publish_artifact",
        "format": {
          "package": "binoc",
          "name": "tabular",
          "version": 1
        },
        "subject": "Left",
        "producer": "binoc-sqlite.sqlite",
        "size": 48
      },
      {
        "op": "publish_artifact",
        "format": {
          "package": "binoc",
          "name": "tabular",
          "version": 1
        },
        "subject": "Right",
        "producer": "binoc-sqlite.sqlite",
        "size": 60
      },
      {
        "op": "publish_artifact",
        "format": {
          "package": "binoc",
          "name": "tabular",
          "version": 1
        },
        "subject": "Right",
        "producer": "binoc-sqlite.sqlite",
        "size": 63
      },
      {
        "op": "publish_artifact",
        "format": {
          "package": "binoc",
          "name": "tabular_collection",
          "version": 1
        },
        "subject": "Left",
        "producer": "binoc-sqlite.sqlite",
        "size": 407
      },
      {
        "op": "publish_artifact",
        "format": {
          "package": "binoc",
          "name": "tabular_collection",
          "version": 1
        },
        "subject": "Right",
        "producer": "binoc-sqlite.sqlite",
        "size": 614
      },
      {
        "op": "publish_artifact",
        "format": {
          "package": "binoc-sqlite",
          "name": "relational-schema",
          "version": 1
        },
        "subject": "Left",
        "producer": "binoc-sqlite.sqlite",
        "size": 320
      },
      {
        "op": "publish_artifact",
        "format": {
          "package": "binoc-sqlite",
          "name": "relational-schema",
          "version": 1
        },
        "subject": "Right",
        "producer": "binoc-sqlite.sqlite",
        "size": 547
      }
    ]
  },
  {
    "method": "transform",
    "plugin": "binoc.correlation_detector",
    "data_ops": []
  },
  {
    "method": "transform",
    "plugin": "binoc.folder_move_detector",
    "data_ops": []
  },
  {
    "method": "transform",
    "plugin": "binoc.tabular_analyzer",
    "data_ops": [
      {
        "op": "get_artifact",
        "format": {
          "package": "binoc",
          "name": "tabular",
          "version": 1
        },
        "found": true
      },
      {
        "op": "get_artifact",
        "format": {
          "package": "binoc",
          "name": "tabular",
          "version": 1
        },
        "found": true
      }
    ]
  },
  {
    "method": "transform",
    "plugin": "binoc.tabular_analyzer",
    "data_ops": [
      {
        "op": "get_artifact",
        "format": {
          "package": "binoc",
          "name": "tabular",
          "version": 1
        },
        "found": true
      }
    ]
  },
  {
    "method": "transform",
    "plugin": "binoc.table_collection_analyzer",
    "data_ops": [
      {
        "op": "get_artifact",
        "format": {
          "package": "binoc",
          "name": "tabular_collection",
          "version": 1
        },
        "found": true
      },
      {
        "op": "get_artifact",
        "format": {
          "package": "binoc",
          "name": "tabular_collection",
          "version": 1
        },
        "found": true
      }
    ]
  }
]
