---
source: binoc-stdlib/src/test_vectors.rs
expression: "&md"
---
# Changelog: snapshot-a → snapshot-b

Need plugin background? See the [plugin registry](https://harvard-lil.github.io/binoc/users/reference/plugin-registry/).

- **data.sqlite/>users**: 1 row added
  - Rows added
    - row 2: 2, 'Bob'
- **data.sqlite/>orders**: Added
