---
source: binoc-stdlib/src/test_vectors.rs
expression: "&stable_changeset"
---
{
  "from_snapshot": "snapshot-a",
  "to_snapshot": "snapshot-b",
  "root": {
    "action": "modify",
    "item_type": "directory",
    "path": "",
    "children": [
      {
        "action": "modify",
        "item_type": "tabular_collection",
        "path": "data.sqlite",
        "summary": [
          {
            "uint": 2
          },
          {
            "text": " edits"
          }
        ],
        "tags": [
          "binoc-sqlite.row-addition",
          "binoc-sqlite.table-addition",
          "binoc.row-addition",
          "binoc.schema-change",
          "binoc.table-addition",
          "binoc.table-change",
          "binoc.tabular-collection-change"
        ],
        "details": {
          "edits": [
            {
              "params": {
                "table": "orders"
              },
              "verb": "sqlite.add_table"
            },
            {
              "params": {
                "table": "users"
              },
              "verb": "sqlite.change_table"
            }
          ]
        }
      }
    ]
  }
}
