---
source: binoc-stdlib/src/test_vectors.rs
assertion_line: 373
expression: "&md"
---
# Changelog: snapshot-a → snapshot-b

Need plugin background? See the [plugin registry](https://harvard-lil.github.io/binoc/users/reference/plugin-registry/).

- **data.csv**: 1 row added; 1 row removed; 1 row modified by key
  - Changed cells
    - key id 'p2', column 'price': '20' -> '25'
  - Rows added
    - key id 'p4': 'p4', 'Delta', '40'
  - Rows removed
    - key id 'p3': 'p3', 'Gamma', '30'
