---
source: binoc-stdlib/src/test_vectors.rs
expression: "&abi_log"
---
[
  {
    "method": "compare",
    "plugin": "binoc.directory",
    "data_ops": [
      {
        "op": "local_path",
        "handle": ""
      },
      {
        "op": "local_path",
        "handle": ""
      },
      {
        "op": "register_local",
        "logical": "data.bin"
      },
      {
        "op": "read_bytes",
        "handle": "data.bin",
        "result_size": 4
      },
      {
        "op": "register_local",
        "logical": "data.bin"
      },
      {
        "op": "read_bytes",
        "handle": "data.bin",
        "result_size": 4
      }
    ]
  },
  {
    "method": "compare",
    "plugin": "binoc.binary",
    "data_ops": []
  },
  {
    "method": "transform",
    "plugin": "binoc.declared_correspondence",
    "data_ops": []
  },
  {
    "method": "transform",
    "plugin": "binoc.correlation_detector",
    "data_ops": []
  },
  {
    "method": "transform",
    "plugin": "binoc.fuzzy_correlation_detector",
    "data_ops": []
  },
  {
    "method": "transform",
    "plugin": "binoc.folder_move_detector",
    "data_ops": []
  }
]
