---
source: binoc-stdlib/src/test_vectors.rs
expression: "&stable_changeset"
---
{
  "from_snapshot": "snapshot-a",
  "to_snapshot": "snapshot-b",
  "claims": [],
  "root": {
    "action": "modify",
    "item_type": "directory",
    "path": "",
    "children": [
      {
        "action": "move",
        "item_type": "tabular",
        "path": "running_list_as_of_2023.csv",
        "sources": [
          {
            "path": "running_list_as_of_2022.csv",
            "side": "from",
            "evidence": "binoc.pair.declared",
            "action": "move"
          }
        ],
        "summary": [
          {
            "text": "Moved from "
          },
          {
            "path": {
              "value": "running_list_as_of_2022.csv",
              "snapshot": "from"
            }
          }
        ],
        "tags": [
          "binoc.content-changed",
          "binoc.declared-correspondence",
          "binoc.move",
          "binoc.move.modified",
          "binoc.row-addition"
        ],
        "details": {
          "edits": [
            {
              "params": {
                "index": 2,
                "values": {
                  "total_values": 2,
                  "truncated": false,
                  "values": [
                    "3",
                    "Cy"
                  ]
                }
              },
              "verb": "tabular.add_row"
            }
          ]
        }
      }
    ]
  }
}
