---
source: binoc-stdlib/src/test_vectors.rs
expression: "&stable_changeset"
---
{
  "from_snapshot": "snapshot-a",
  "to_snapshot": "snapshot-b",
  "claims": [],
  "root": {
    "action": "modify",
    "item_type": "directory",
    "path": "",
    "children": [
      {
        "action": "move",
        "item_type": "file",
        "path": "archive.zip",
        "sources": [
          {
            "path": "data.zip",
            "side": "from",
            "evidence": "binoc.pair.hash",
            "action": "move"
          }
        ],
        "summary": [
          {
            "text": "Moved from "
          },
          {
            "path": {
              "value": "data.zip",
              "snapshot": "from"
            }
          }
        ],
        "tags": [
          "binoc.folder-move",
          "binoc.move"
        ]
      }
    ]
  }
}
