---
source: binoc-stdlib/src/test_vectors.rs
expression: "&md"
---
# Changelog: snapshot-a → snapshot-b

- **data_v2.csv**:
  - Moved from data.csv
  - Column added: 'email'
  - Set Headers: from: ["name","age","city"]; to: ["name","age","city","email"]
  - Add Column: name: 'email'; values: {"total_values":3,"truncated":false,"values":["alice@test.com","bob@test.com","carol@test.com"]}
