---
source: binoc-stdlib/src/test_vectors.rs
expression: "&stable_changeset"
---
{
  "from_snapshot": "snapshot-a",
  "to_snapshot": "snapshot-b",
  "claims": [],
  "root": {
    "action": "modify",
    "item_type": "directory",
    "path": "",
    "children": [
      {
        "action": "modify",
        "item_type": "file",
        "path": "archive.tar.gz",
        "children": [
          {
            "action": "modify",
            "item_type": "tabular",
            "path": "archive.tar.gz/>inventory.csv",
            "sources": [
              {
                "path": "archive.tar.gz/>inventory.csv",
                "side": "from",
                "evidence": "binoc.pair.name",
                "action": "modify"
              }
            ],
            "summary": [
              {
                "text": "1 row added"
              }
            ],
            "tags": [
              "binoc.row-addition"
            ],
            "details": {
              "edits": [
                {
                  "params": {
                    "index": 2,
                    "values": {
                      "total_values": 2,
                      "truncated": false,
                      "values": [
                        "sprockets",
                        "20"
                      ]
                    }
                  },
                  "verb": "tabular.add_row"
                }
              ]
            }
          }
        ]
      },
      {
        "action": "modify",
        "item_type": "file",
        "path": "bundle.zip",
        "children": [
          {
            "action": "modify",
            "item_type": "text",
            "path": "bundle.zip/>notes.txt",
            "sources": [
              {
                "path": "bundle.zip/>notes.txt",
                "side": "from",
                "evidence": "binoc.pair.name",
                "action": "modify"
              }
            ],
            "summary": [
              {
                "text": "2 lines added; 1 line removed"
              }
            ],
            "tags": [
              "binoc.content-changed",
              "binoc.lines-added",
              "binoc.lines-removed"
            ],
            "details": {
              "edits": [
                {
                  "params": {
                    "examples": [
                      {
                        "from": "Version 1 notes.",
                        "line": 1,
                        "to": "Version 2 notes."
                      }
                    ],
                    "examples_truncated": false,
                    "left_line_count": 2,
                    "lines_added": 2,
                    "lines_removed": 1,
                    "right_line_count": 3
                  },
                  "verb": "text.replace_lines"
                }
              ]
            }
          }
        ]
      },
      {
        "action": "modify",
        "item_type": "tabular",
        "path": "data.csv",
        "sources": [
          {
            "path": "data.csv",
            "side": "from",
            "evidence": "binoc.pair.name",
            "action": "modify"
          }
        ],
        "summary": [
          {
            "text": "2 cells changed"
          }
        ],
        "tags": [
          "binoc.cell-change"
        ],
        "details": {
          "edits": [
            {
              "params": {
                "column": "age",
                "from": "30",
                "row": 0,
                "to": "31"
              },
              "verb": "tabular.edit_cell"
            },
            {
              "params": {
                "column": "city",
                "from": "Seattle",
                "row": 2,
                "to": "Portland"
              },
              "verb": "tabular.edit_cell"
            }
          ]
        }
      },
      {
        "action": "modify",
        "item_type": "directory",
        "path": "docs",
        "sources": [
          {
            "path": "docs",
            "side": "from",
            "evidence": "binoc.pair.name",
            "action": "modify"
          }
        ],
        "summary": [
          {
            "uint": 0
          },
          {
            "text": " edits"
          }
        ],
        "children": [
          {
            "action": "modify",
            "item_type": "text",
            "path": "docs/readme.txt",
            "sources": [
              {
                "path": "docs/readme.txt",
                "side": "from",
                "evidence": "binoc.pair.name",
                "action": "modify"
              }
            ],
            "summary": [
              {
                "text": "2 lines added; 2 lines removed"
              }
            ],
            "tags": [
              "binoc.content-changed",
              "binoc.lines-added",
              "binoc.lines-removed"
            ],
            "details": {
              "edits": [
                {
                  "params": {
                    "examples": [
                      {
                        "from": "This is the original readme.",
                        "line": 2,
                        "to": "This is the updated readme."
                      },
                      {
                        "from": "Some will change.",
                        "line": 4,
                        "to": "New content added here."
                      }
                    ],
                    "examples_truncated": false,
                    "left_line_count": 4,
                    "lines_added": 2,
                    "lines_removed": 2,
                    "right_line_count": 4
                  },
                  "verb": "text.replace_lines"
                }
              ]
            }
          },
          {
            "action": "remove",
            "item_type": "text",
            "path": "docs/old-notes.txt",
            "sources": [
              {
                "path": "docs/old-notes.txt",
                "side": "from",
                "action": "remove"
              }
            ],
            "summary": [
              {
                "text": "Removed"
              }
            ],
            "tags": [
              "binoc.content-changed"
            ]
          },
          {
            "action": "add",
            "item_type": "text",
            "path": "docs/new-file.txt",
            "sources": [
              {
                "path": "docs/new-file.txt",
                "side": "to",
                "action": "add"
              }
            ],
            "summary": [
              {
                "text": "Added"
              }
            ],
            "tags": [
              "binoc.content-changed"
            ]
          }
        ]
      },
      {
        "action": "modify",
        "item_type": "file",
        "path": "icon.bin",
        "sources": [
          {
            "path": "icon.bin",
            "side": "from",
            "evidence": "binoc.pair.name",
            "action": "modify"
          }
        ],
        "summary": [
          {
            "text": "Binary content changed; 1 extracted string added, 1 extracted string removed"
          }
        ],
        "tags": [
          "binoc.content-changed",
          "binoc.strings-changed"
        ],
        "details": {
          "edits": [
            {
              "params": {
                "strings": {
                  "added": [
                    "\\nFAKEICONv2"
                  ],
                  "added_count": 1,
                  "examples_truncated": false,
                  "left_count": 2,
                  "min_length": 4,
                  "removed": [
                    "\\nFAKEICONv1"
                  ],
                  "removed_count": 1,
                  "right_count": 2,
                  "scan_truncated": false
                }
              },
              "summary": [
                {
                  "text": "Binary content changed; 1 extracted string added, 1 extracted string removed"
                }
              ],
              "verb": "binary.contents-differ"
            }
          ]
        }
      },
      {
        "action": "copy",
        "item_type": "text",
        "path": "license-copy.txt",
        "sources": [
          {
            "path": "license.txt",
            "side": "from",
            "evidence": "binoc.pair.copy",
            "action": "copy"
          }
        ],
        "summary": [
          {
            "text": "Copied from "
          },
          {
            "path": {
              "value": "license.txt",
              "snapshot": "from"
            }
          }
        ],
        "tags": [
          "binoc.copy"
        ]
      },
      {
        "action": "modify",
        "item_type": "tabular",
        "path": "metrics.csv",
        "sources": [
          {
            "path": "metrics.csv",
            "side": "from",
            "evidence": "binoc.pair.name",
            "action": "modify"
          }
        ],
        "summary": [
          {
            "text": "Columns reordered"
          }
        ],
        "tags": [
          "binoc.column-reorder",
          "binoc.schema-change"
        ],
        "details": {
          "edits": [
            {
              "params": {
                "order": [
                  "category",
                  "year",
                  "value"
                ]
              },
              "summary": [
                {
                  "text": "Columns reordered"
                }
              ],
              "verb": "tabular.reorder_columns"
            }
          ]
        }
      },
      {
        "action": "move",
        "item_type": "text",
        "path": "summary.txt",
        "sources": [
          {
            "path": "report.txt",
            "side": "from",
            "evidence": "binoc.pair.hash",
            "action": "move"
          }
        ],
        "summary": [
          {
            "text": "Moved from "
          },
          {
            "path": {
              "value": "report.txt",
              "snapshot": "from"
            }
          }
        ],
        "tags": [
          "binoc.move"
        ]
      }
    ]
  }
}
