---
source: binoc-stdlib/src/test_vectors.rs
expression: "&md"
---
# Changelog: snapshot-a → snapshot-b

- **archive.tar.gz/inventory.csv**: 1 edit
- **bundle.zip/notes.txt**: 1 edit
- **data.csv**: 2 edits
- **docs**: 0 edits
- **docs/readme.txt**: 1 edit
- **docs/old-notes.txt**: Removed
- **docs/new-file.txt**: Added
- **icon.bin**: 1 edit
- **license-copy.txt**: Copied from license.txt
- **metrics.csv**: 1 edit
- **summary.txt**: Moved from report.txt
