---
source: binoc-stdlib/src/test_vectors.rs
expression: "&stable_changeset"
---
{
  "from_snapshot": "snapshot-a",
  "to_snapshot": "snapshot-b",
  "claims": [],
  "root": {
    "action": "modify",
    "item_type": "directory",
    "path": "",
    "children": [
      {
        "action": "modify",
        "item_type": "tabular",
        "path": "data.csv",
        "sources": [
          {
            "path": "data.csv",
            "side": "from",
            "evidence": "binoc.pair.name",
            "action": "modify"
          }
        ],
        "summary": [
          {
            "text": "2 rows removed"
          }
        ],
        "tags": [
          "binoc.row-removal"
        ],
        "details": {
          "edits": [
            {
              "params": {
                "index": 1,
                "values": {
                  "total_values": 2,
                  "truncated": false,
                  "values": [
                    "Bob",
                    "25"
                  ]
                }
              },
              "verb": "tabular.remove_row"
            },
            {
              "params": {
                "index": 2,
                "values": {
                  "total_values": 2,
                  "truncated": false,
                  "values": [
                    "Charlie",
                    "35"
                  ]
                }
              },
              "verb": "tabular.remove_row"
            }
          ]
        }
      }
    ]
  }
}
