---
source: binoc-stdlib/src/test_vectors.rs
expression: "&md"
---
# Changelog: snapshot-a → snapshot-b

Need plugin background? See the [plugin registry](https://harvard-lil.github.io/binoc/users/reference/plugin-registry/).

- **observations_2024.csv**: Moved from observations.csv
  - Rows removed
    - row 3: '2025', 'north', '15'
    - row 4: '2025', 'south', '9'
- **observations_2025.csv**: Added

## Suggestions

- 'observations.csv' shares rows with other unmatched tables but the relationship is not a clean partition (residual, shared, or extra rows); left as add/remove (`binoc.pair.partition`) [binoc.possible_split]
