---
source: binoc-stdlib/src/test_vectors.rs
expression: "&stable_changeset"
---
{
  "from_snapshot": "snapshot-a",
  "to_snapshot": "snapshot-b",
  "claims": [],
  "root": {
    "action": "modify",
    "item_type": "tabular",
    "path": "",
    "children": [
      {
        "action": "modify",
        "item_type": "tabular",
        "path": "data.csv",
        "sources": [
          {
            "path": "data.csv",
            "side": "from",
            "evidence": "binoc.pair.fuzzy",
            "action": "modify"
          }
        ],
        "summary": [
          {
            "text": "1 row added"
          }
        ],
        "tags": [
          "binoc.dialect-inferred",
          "binoc.move",
          "binoc.row-addition"
        ],
        "details": {
          "edits": [
            {
              "params": {
                "index": 2,
                "values": {
                  "total_values": 2,
                  "truncated": false,
                  "values": [
                    "Charlie",
                    "35"
                  ]
                }
              },
              "verb": "tabular.add_row"
            }
          ]
        },
        "annotations": [
          {
            "package": "binoc",
            "key": "dialect_provenance",
            "value": "detected comma-delimited, no quoting, newline LF"
          }
        ]
      }
    ]
  }
}
