---
source: binoc-stdlib/src/test_vectors.rs
expression: "&stable_changeset"
---
{
  "from_snapshot": "snapshot-a",
  "to_snapshot": "snapshot-b",
  "root": {
    "action": "modify",
    "item_type": "tabular",
    "path": "data.csv",
    "summary": [
      {
        "uint": 1
      },
      {
        "text": " row added"
      }
    ],
    "tags": [
      "binoc.row-addition"
    ],
    "details": {
      "cells_changed": 0,
      "columns_added": [],
      "columns_left": [
        "name",
        "age"
      ],
      "columns_removed": [],
      "columns_right": [
        "name",
        "age"
      ],
      "rows_added": 1,
      "rows_left": 2,
      "rows_removed": 0,
      "rows_right": 3
    },
    "comparator": "binoc.csv",
    "transformed_by": [
      "binoc.tabular_analyzer"
    ]
  }
}
