---
source: binoc-stdlib/src/test_vectors.rs
expression: "&md"
---
# Changelog: snapshot-a → snapshot-b

- **observations_2024.csv**: Moved from observations_north.csv
  - Changed cells
    - row 2, column 'year': '2025' -> '2024'
    - row 2, column 'region': 'north' -> 'south'
    - row 2, column 'count': '15' -> '12'
- **observations_2025.csv**: Moved from observations_south.csv
  - Changed cells
    - row 1, column 'year': '2024' -> '2025'
    - row 1, column 'region': 'south' -> 'north'
    - row 1, column 'count': '12' -> '15'

## Suggestions

- 'observations_north.csv' shares rows with other unmatched tables but the relationship is not a clean partition (residual, shared, or extra rows); left as add/remove (`binoc.pair.partition`) [binoc.possible_split]
