---
source: binoc-stdlib/src/test_vectors.rs
expression: "&md"
---
# Changelog: snapshot-a -> snapshot-b

- **data.xpt/>BINOCTST**: Column added: 'score'
  - Set Headers: from: ["id","name"]; to: ["id","name","score"]
  - Add Column: name: 'score'; values: {"total_values":2,"truncated":false,"values":["9","7"]}
