---
source: binoc-stdlib/src/test_vectors.rs
expression: "&md"
---
# Changelog: snapshot-a → snapshot-b

Need plugin background? See the [plugin registry](https://harvard-lil.github.io/binoc/users/reference/plugin-registry/).

- **data.txt**: 1 row modified by key; 1 line added; 1 line removed
  - Changed cells
    - key id '1', column 'value': 'old' -> 'new'
  - Line changes
    - line 2: '1|old' -> '1|new'
