---
source: binoc-stdlib/src/test_vectors.rs
expression: "&md"
---
# Changelog: snapshot-a → snapshot-b

Need plugin background? See the [plugin registry](https://harvard-lil.github.io/binoc/users/reference/plugin-registry/).

- **data.csv**: Column added: 'email'; Columns reordered; 1 row added
  - Rows added
    - row 2: 'LA', 'Bob', '25'
  - Add Column: name: 'email'; values: {"total_values":3,"truncated":false,"values":["alice@example.test","bob@example.test","charlie@example.test"]}
