---
source: binoc-stdlib/src/test_vectors.rs
expression: "&abi_log"
---
[
  {
    "method": "compare",
    "plugin": "binoc.directory",
    "data_ops": [
      {
        "op": "local_path",
        "handle": ""
      },
      {
        "op": "local_path",
        "handle": ""
      },
      {
        "op": "register_local",
        "logical": "data.dta"
      },
      {
        "op": "read_bytes",
        "handle": "data.dta",
        "result_size": 2091
      },
      {
        "op": "register_local",
        "logical": "data.dta"
      },
      {
        "op": "read_bytes",
        "handle": "data.dta",
        "result_size": 2859
      }
    ]
  },
  {
    "method": "compare",
    "plugin": "binoc-stat-binary.stata",
    "data_ops": [
      {
        "op": "local_path",
        "handle": "data.dta"
      },
      {
        "op": "local_path",
        "handle": "data.dta"
      },
      {
        "op": "publish_artifact",
        "format": {
          "package": "binoc",
          "name": "tabular",
          "version": 1
        },
        "subject": "Left",
        "producer": "binoc-stat-binary.stata",
        "size": 60
      },
      {
        "op": "publish_artifact",
        "format": {
          "package": "binoc",
          "name": "tabular",
          "version": 1
        },
        "subject": "Right",
        "producer": "binoc-stat-binary.stata",
        "size": 77
      }
    ]
  },
  {
    "method": "transform",
    "plugin": "binoc.tabular_analyzer",
    "data_ops": [
      {
        "op": "get_artifact",
        "format": {
          "package": "binoc",
          "name": "tabular",
          "version": 1
        },
        "found": true
      },
      {
        "op": "get_artifact",
        "format": {
          "package": "binoc",
          "name": "tabular",
          "version": 1
        },
        "found": true
      }
    ]
  }
]
