---
source: binoc-stdlib/src/test_vectors.rs
expression: "&md"
---
# Changelog: snapshot-a → snapshot-b

- **data.csv**: 5 cells changed
  - Changed cells; use `binoc extract CHANGESET "data.csv" cells_changed` for all changed cells
    - row 1, column 'score': '10' -> '11'
    - row 2, column 'score': '20' -> '21'
    - row 3, column 'score': '30' -> '31'
    - row 4, column 'score': '40' -> '41'
    - row 5, column 'score': '50' -> '51'
