---
source: binoc-stdlib/src/test_vectors.rs
expression: "&md"
---
# Changelog: snapshot-a → snapshot-b

- **data.sas7bdat**: 216 cells changed
  - Changed cells (showing 3 of 216); use `binoc extract CHANGESET "data.sas7bdat" cells_changed` for all changed cells
    - row 1, column 'Column10': 'apple' -> '부산'
    - row 1, column 'Column14': 'dog' -> 'Иркутск'
    - row 1, column 'Column18': 'crocodile' -> '鱷魚'
