---
source: binoc-stdlib/src/test_vectors.rs
expression: "&stable_changeset"
---
{
  "from_snapshot": "snapshot-a",
  "to_snapshot": "snapshot-b",
  "root": {
    "action": "modify",
    "item_type": "directory",
    "path": "",
    "children": [
      {
        "action": "move",
        "item_type": "text",
        "path": "gamma-renamed.txt",
        "source_path": "outer.zip/inner.zip/gamma.txt",
        "summary": [
          {
            "text": "Moved from "
          },
          {
            "path": {
              "value": "outer.zip/inner.zip/gamma.txt",
              "snapshot": "from"
            }
          }
        ],
        "tags": [
          "binoc.move"
        ]
      },
      {
        "action": "copy",
        "item_type": "text",
        "path": "kept-copy.txt",
        "source_path": "kept.txt",
        "summary": [
          {
            "text": "Copied from "
          },
          {
            "path": {
              "value": "kept.txt",
              "snapshot": "from"
            }
          }
        ],
        "tags": [
          "binoc.copy"
        ]
      },
      {
        "action": "move",
        "item_type": "file",
        "path": "merged.bin",
        "source_path": "dup.bin",
        "summary": [
          {
            "text": "Moved from "
          },
          {
            "path": {
              "value": "dup.bin",
              "snapshot": "from"
            }
          }
        ],
        "tags": [
          "binoc.move"
        ]
      },
      {
        "action": "modify",
        "item_type": "file",
        "path": "outer.zip",
        "summary": [
          {
            "uint": 0
          },
          {
            "text": " edits"
          }
        ],
        "children": [
          {
            "action": "move",
            "item_type": "text",
            "path": "outer.zip/alpha-renamed.txt",
            "source_path": "alpha.txt",
            "summary": [
              {
                "text": "Moved from "
              },
              {
                "path": {
                  "value": "alpha.txt",
                  "snapshot": "from"
                }
              }
            ],
            "tags": [
              "binoc.move"
            ]
          },
          {
            "action": "modify",
            "item_type": "item",
            "path": "outer.zip/inner.zip",
            "children": [
              {
                "action": "move",
                "item_type": "text",
                "path": "outer.zip/inner.zip/beta-renamed.txt",
                "source_path": "outer.zip/beta.txt",
                "summary": [
                  {
                    "text": "Moved from "
                  },
                  {
                    "path": {
                      "value": "outer.zip/beta.txt",
                      "snapshot": "from"
                    }
                  }
                ],
                "tags": [
                  "binoc.move"
                ]
              }
            ]
          },
          {
            "action": "copy",
            "item_type": "text",
            "path": "outer.zip/kept-copy.txt",
            "source_path": "kept.txt",
            "summary": [
              {
                "text": "Copied from "
              },
              {
                "path": {
                  "value": "kept.txt",
                  "snapshot": "from"
                }
              }
            ],
            "tags": [
              "binoc.copy"
            ]
          },
          {
            "action": "remove",
            "item_type": "file",
            "path": "outer.zip/dup-b.bin",
            "summary": [
              {
                "text": "Removed"
              }
            ],
            "tags": [
              "binoc.content-changed"
            ]
          }
        ]
      }
    ]
  }
}
