---
source: binoc-stdlib/src/test_vectors.rs
expression: "&md"
---
# Changelog: snapshot-a → snapshot-b

- **metadata.xml**: $["gmd:MD_Metadata"]["gmd:identificationInfo"]["gmd:MD_DataIdentification"]["gmd:citation"]["gmd:CI_Citation"]["gmd:date"]["gmd:CI_Date"]["gmd:date"]["gco:Date"]: "2024-03-01" -> "2024-09-15"
