---
source: binoc-stdlib/src/test_vectors.rs
expression: "&abi_log"
---
[
  {
    "method": "compare",
    "plugin": "binoc.directory",
    "data_ops": [
      {
        "op": "local_path",
        "handle": ""
      },
      {
        "op": "local_path",
        "handle": ""
      },
      {
        "op": "register_local",
        "logical": "data.sqlite"
      },
      {
        "op": "read_bytes",
        "handle": "data.sqlite",
        "result_size": 8192
      },
      {
        "op": "register_local",
        "logical": "data.sqlite"
      },
      {
        "op": "read_bytes",
        "handle": "data.sqlite",
        "result_size": 8192
      }
    ]
  },
  {
    "method": "compare",
    "plugin": "binoc-sqlite.sqlite",
    "data_ops": [
      {
        "op": "local_path",
        "handle": "data.sqlite"
      },
      {
        "op": "local_path",
        "handle": "data.sqlite"
      },
      {
        "op": "publish_artifact",
        "format": {
          "package": "binoc-sqlite",
          "name": "relational-schema",
          "version": 1
        },
        "subject": "Left",
        "producer": "binoc-sqlite.sqlite",
        "size": 159
      },
      {
        "op": "publish_artifact",
        "format": {
          "package": "binoc-sqlite",
          "name": "relational-schema",
          "version": 1
        },
        "subject": "Right",
        "producer": "binoc-sqlite.sqlite",
        "size": 159
      }
    ]
  },
  {
    "method": "transform",
    "plugin": "binoc.correlation_detector",
    "data_ops": []
  },
  {
    "method": "transform",
    "plugin": "binoc.folder_move_detector",
    "data_ops": []
  }
]
