---
source: binoc-stdlib/src/test_vectors.rs
expression: "&stable_changeset"
---
{
  "from_snapshot": "snapshot-a",
  "to_snapshot": "snapshot-b",
  "claims": [],
  "root": {
    "action": "modify",
    "item_type": "directory",
    "path": "",
    "children": [
      {
        "action": "modify",
        "item_type": "SQLite database",
        "path": "data.sqlite",
        "children": [
          {
            "action": "modify",
            "item_type": "tabular",
            "path": "data.sqlite/>users",
            "sources": [
              {
                "path": "data.sqlite/>users",
                "side": "from",
                "evidence": "binoc.pair.name",
                "action": "modify"
              }
            ],
            "summary": [
              {
                "text": "1 row added"
              }
            ],
            "tags": [
              "binoc.row-addition"
            ],
            "details": {
              "edits": [
                {
                  "params": {
                    "index": 1,
                    "values": {
                      "total_values": 2,
                      "truncated": false,
                      "values": [
                        2,
                        "Bob"
                      ]
                    }
                  },
                  "verb": "tabular.add_row"
                }
              ]
            }
          }
        ]
      }
    ]
  }
}
