---
source: binoc-stdlib/src/test_vectors.rs
expression: "&md"
---
# Changelog: snapshot-a → snapshot-b

Need plugin background? See the [plugin registry](https://harvard-lil.github.io/binoc/users/reference/plugin-registry/).

- **GLB.Ts+dSST.csv**: 1 row modified by key
  - Changed cells
    - key Year '2024', column 'Feb': '118' -> '119'
