---
source: binoc-stdlib/src/test_vectors.rs
expression: "&stable_changeset"
---
{
  "from_snapshot": "snapshot-a",
  "to_snapshot": "snapshot-b",
  "claims": [],
  "root": {
    "action": "modify",
    "item_type": "directory",
    "path": "",
    "children": [
      {
        "action": "modify",
        "item_type": "file",
        "path": "outer.tar.gz",
        "children": [
          {
            "action": "modify",
            "item_type": "file",
            "path": "outer.tar.gz/>inner.tar.gz",
            "children": [
              {
                "action": "modify",
                "item_type": "tabular",
                "path": "outer.tar.gz/>inner.tar.gz/>data.csv",
                "sources": [
                  {
                    "path": "outer.tar.gz/>inner.tar.gz/>data.csv",
                    "side": "from",
                    "evidence": "binoc.pair.name",
                    "action": "modify"
                  }
                ],
                "summary": [
                  {
                    "text": "1 row added"
                  }
                ],
                "tags": [
                  "binoc.row-addition"
                ],
                "details": {
                  "edits": [
                    {
                      "params": {
                        "index": 1,
                        "values": {
                          "total_values": 2,
                          "truncated": false,
                          "values": [
                            "Bob",
                            "25"
                          ]
                        }
                      },
                      "verb": "tabular.add_row"
                    }
                  ]
                }
              }
            ]
          }
        ]
      }
    ]
  }
}
