---
source: binoc-stdlib/src/test_vectors.rs
expression: "&abi_log"
---
[
  {
    "method": "compare",
    "plugin": "binoc.text",
    "data_ops": [
      {
        "op": "read_bytes",
        "handle": "story.txt",
        "result_size": 35
      },
      {
        "op": "read_bytes",
        "handle": "story.txt",
        "result_size": 50
      }
    ]
  },
  {
    "method": "transform",
    "plugin": "binoc.correlation_detector",
    "data_ops": []
  },
  {
    "method": "transform",
    "plugin": "binoc.folder_move_detector",
    "data_ops": []
  }
]
