---
source: binoc-stdlib/src/test_vectors.rs
expression: "&md"
---
# Changelog: snapshot-a → snapshot-b

Need plugin background? See the [plugin registry](https://harvard-lil.github.io/binoc/users/reference/plugin-registry/).

Claims

- actions_2023.csv, actions_2024.csv merged into actions.csv

- **actions.csv**: Merged from actions_2023.csv, actions_2024.csv
  - Dialect provenance: detected comma-delimited, no quoting, newline LF
