---
source: binoc-stdlib/src/test_vectors.rs
expression: "&abi_log"
---
[
  {
    "method": "compare",
    "plugin": "binoc.directory",
    "data_ops": [
      {
        "op": "local_path",
        "handle": ""
      },
      {
        "op": "local_path",
        "handle": ""
      },
      {
        "op": "register_local",
        "logical": "original.txt"
      },
      {
        "op": "read_bytes",
        "handle": "original.txt",
        "result_size": 96
      },
      {
        "op": "register_local",
        "logical": "original.txt"
      },
      {
        "op": "read_bytes",
        "handle": "original.txt",
        "result_size": 96
      },
      {
        "op": "register_local",
        "logical": "duplicate.txt"
      },
      {
        "op": "read_bytes",
        "handle": "duplicate.txt",
        "result_size": 96
      }
    ]
  },
  {
    "method": "compare",
    "plugin": "binoc.text",
    "data_ops": [
      {
        "op": "read_bytes",
        "handle": "duplicate.txt",
        "result_size": 96
      }
    ]
  },
  {
    "method": "transform",
    "plugin": "binoc.correlation_detector",
    "data_ops": []
  },
  {
    "method": "transform",
    "plugin": "binoc.folder_move_detector",
    "data_ops": []
  }
]
