---
source: binoc-stdlib/src/test_vectors.rs
expression: "&stable_changeset"
---
{
  "from_snapshot": "snapshot-a",
  "to_snapshot": "snapshot-b",
  "root": {
    "action": "modify",
    "item_type": "directory",
    "path": "",
    "children": [
      {
        "action": "copy",
        "item_type": "text",
        "path": "duplicate.txt",
        "source_path": "original.txt",
        "summary": [
          {
            "text": "Copied from "
          },
          {
            "path": {
              "value": "original.txt",
              "snapshot": "from"
            }
          }
        ],
        "tags": [
          "binoc.copy"
        ]
      }
    ],
    "comparator": "binoc.directory",
    "transformed_by": [
      "binoc.correlation_detector"
    ]
  }
}
