---
source: binoc-stdlib/src/test_vectors.rs
expression: "&stable_changeset"
---
{
  "from_snapshot": "snapshot-a",
  "to_snapshot": "snapshot-b",
  "root": {
    "action": "modify",
    "item_type": "directory",
    "path": "",
    "children": [
      {
        "action": "modify",
        "item_type": "file",
        "path": "data.sqlite",
        "summary": "Content changed (8.0 KB → 8.0 KB)",
        "tags": [
          "binoc.content-changed"
        ],
        "details": {
          "hash_left": "0bb865f7f287a972d996d07f69dab0d625f02aa5825cc79a6ab79b5c2794355a",
          "hash_right": "403f22fa3dbe2a501520c6b9bb9c2ecd8f8e431d957f2c050f112d546953bc72",
          "size_left": 8192,
          "size_right": 8192
        },
        "comparator": "binoc.binary"
      }
    ],
    "comparator": "binoc.directory"
  }
}
