---
source: binoc-stdlib/src/test_vectors.rs
expression: "&md"
---
# Changelog: snapshot-a -> snapshot-b

## Significant metadata

- **data.dta**: 1 column metadata change; Table metadata changed
  - Metadata changed
    - column 'age' display format changed from '%8.0g' to '%9.2f'
    - column 'age' label changed from 'Age' to 'Age in years'
    - table dataset label changed from 'Demographics' to 'Subject Demographics'

## Minor metadata
