---
source: binoc-stdlib/src/test_vectors.rs
assertion_line: 372
expression: "&stable_changeset"
---
{
  "from_snapshot": "snapshot-a",
  "to_snapshot": "snapshot-b",
  "claims": [],
  "root": {
    "action": "modify",
    "item_type": "directory",
    "path": "",
    "children": [
      {
        "action": "modify",
        "item_type": "tabular",
        "path": "data.csv",
        "sources": [
          {
            "path": "data.csv",
            "side": "from",
            "evidence": "binoc.pair.name",
            "action": "modify"
          }
        ],
        "summary": [
          {
            "text": "14 cells changed"
          }
        ],
        "tags": [
          "binoc.cell-change",
          "binoc.duplicate-key",
          "binoc.identity-diagnostic",
          "binoc.null-key",
          "binoc.row-identity-ambiguous"
        ],
        "details": {
          "edits": [
            {
              "params": {
                "column": "id",
                "from": "a",
                "row": 0,
                "to": "b"
              },
              "verb": "tabular.edit_cell"
            },
            {
              "params": {
                "column": "name",
                "from": "Alice",
                "row": 0,
                "to": "Bob"
              },
              "verb": "tabular.edit_cell"
            },
            {
              "params": {
                "column": "score",
                "from": "10",
                "row": 0,
                "to": "21"
              },
              "verb": "tabular.edit_cell"
            },
            {
              "params": {
                "column": "id",
                "from": "",
                "row": 1,
                "to": "dup"
              },
              "verb": "tabular.edit_cell"
            },
            {
              "params": {
                "column": "name",
                "from": "BadLeft",
                "row": 1,
                "to": "First"
              },
              "verb": "tabular.edit_cell"
            },
            {
              "params": {
                "column": "score",
                "from": "99",
                "row": 1,
                "to": "1"
              },
              "verb": "tabular.edit_cell"
            },
            {
              "params": {
                "column": "name",
                "from": "First",
                "row": 2,
                "to": "Second changed"
              },
              "verb": "tabular.edit_cell"
            },
            {
              "params": {
                "column": "score",
                "from": "1",
                "row": 2,
                "to": "3"
              },
              "verb": "tabular.edit_cell"
            },
            {
              "params": {
                "column": "id",
                "from": "dup",
                "row": 3,
                "to": ""
              },
              "verb": "tabular.edit_cell"
            },
            {
              "params": {
                "column": "name",
                "from": "Second",
                "row": 3,
                "to": "MissingRight"
              },
              "verb": "tabular.edit_cell"
            },
            {
              "params": {
                "column": "score",
                "from": "2",
                "row": 3,
                "to": "100"
              },
              "verb": "tabular.edit_cell"
            },
            {
              "params": {
                "column": "id",
                "from": "b",
                "row": 4,
                "to": "c"
              },
              "verb": "tabular.edit_cell"
            },
            {
              "params": {
                "column": "name",
                "from": "Bob",
                "row": 4,
                "to": "Carol"
              },
              "verb": "tabular.edit_cell"
            },
            {
              "params": {
                "column": "score",
                "from": "20",
                "row": 4,
                "to": "30"
              },
              "verb": "tabular.edit_cell"
            }
          ]
        }
      }
    ]
  },
  "diagnostics": [
    {
      "severity": "warning",
      "code": "binoc.keyed_row_identity_degraded",
      "message": [
        {
          "text": "configured row keys had null values; fell back to positional row comparison"
        }
      ],
      "location": "data.csv",
      "extract": {
        "aspect": "content"
      }
    }
  ]
}
