---
source: binoc-stdlib/src/test_vectors.rs
expression: "&md"
---
# Changelog: snapshot-a -> snapshot-b

- **data.zip**: Removed
- **data.zip/>x.csv**: Removed
- **data.zip/>y.csv**: Removed
- **data.zip/>z.csv**: Removed
- **archive.zip**: Added
- **archive.zip/>p.csv**: Added
- **archive.zip/>q.csv**: Added
- **archive.zip/>r.csv**: Added
