---
source: binoc-stdlib/src/test_vectors.rs
expression: "&md"
---
# Changelog: snapshot-a → snapshot-b

Need plugin background? See the [plugin registry](https://harvard-lil.github.io/binoc/users/reference/plugin-registry/).

- **data.zip**: Removed
- **data.zip/>x.csv**: Removed
  - Dialect provenance: detected comma-delimited, no quoting, newline LF
- **data.zip/>y.csv**: Removed
  - Dialect provenance: detected comma-delimited, no quoting, newline LF
- **data.zip/>z.csv**: Removed
  - Dialect provenance: detected comma-delimited, no quoting, newline LF
- **archive.zip**: Added
- **archive.zip/>p.csv**: Added
  - Dialect provenance: detected comma-delimited, no quoting, newline LF
- **archive.zip/>q.csv**: Added
  - Dialect provenance: detected comma-delimited, no quoting, newline LF
- **archive.zip/>r.csv**: Added
  - Dialect provenance: detected comma-delimited, no quoting, newline LF
