---
source: binoc-stdlib/src/test_vectors.rs
expression: "&abi_log"
---
[
  {
    "method": "compare",
    "plugin": "binoc.directory",
    "data_ops": [
      {
        "op": "local_path",
        "handle": ""
      },
      {
        "op": "local_path",
        "handle": ""
      },
      {
        "op": "register_local",
        "logical": "archive.zip"
      },
      {
        "op": "read_bytes",
        "handle": "archive.zip",
        "result_size": 131
      },
      {
        "op": "register_local",
        "logical": "archive.zip"
      },
      {
        "op": "read_bytes",
        "handle": "archive.zip",
        "result_size": 241
      }
    ]
  },
  {
    "method": "compare",
    "plugin": "binoc.zip",
    "data_ops": [
      {
        "op": "local_path",
        "handle": "archive.zip"
      },
      {
        "op": "workspace"
      },
      {
        "op": "register_local",
        "logical": "archive.zip"
      },
      {
        "op": "local_path",
        "handle": "archive.zip"
      },
      {
        "op": "workspace"
      },
      {
        "op": "register_local",
        "logical": "archive.zip"
      }
    ]
  },
  {
    "method": "compare",
    "plugin": "binoc.directory",
    "data_ops": [
      {
        "op": "local_path",
        "handle": "archive.zip"
      },
      {
        "op": "local_path",
        "handle": "archive.zip"
      },
      {
        "op": "register_local",
        "logical": "archive.zip/data.txt"
      },
      {
        "op": "read_bytes",
        "handle": "archive.zip/data.txt",
        "result_size": 17
      },
      {
        "op": "register_local",
        "logical": "archive.zip/data.txt"
      },
      {
        "op": "read_bytes",
        "handle": "archive.zip/data.txt",
        "result_size": 17
      },
      {
        "op": "register_local",
        "logical": "archive.zip/extra.txt"
      },
      {
        "op": "read_bytes",
        "handle": "archive.zip/extra.txt",
        "result_size": 16
      }
    ]
  },
  {
    "method": "compare",
    "plugin": "binoc.text",
    "data_ops": [
      {
        "op": "read_bytes",
        "handle": "archive.zip/data.txt",
        "result_size": 17
      },
      {
        "op": "read_bytes",
        "handle": "archive.zip/data.txt",
        "result_size": 17
      }
    ]
  },
  {
    "method": "compare",
    "plugin": "binoc.text",
    "data_ops": [
      {
        "op": "read_bytes",
        "handle": "archive.zip/extra.txt",
        "result_size": 16
      }
    ]
  },
  {
    "method": "transform",
    "plugin": "binoc.move_detector",
    "data_ops": []
  },
  {
    "method": "transform",
    "plugin": "binoc.copy_detector",
    "data_ops": []
  }
]
