---
source: binoc-stdlib/src/test_vectors.rs
expression: "&md"
---
# Changelog: snapshot-a → snapshot-b

Need plugin background? See the [plugin registry](https://harvard-lil.github.io/binoc/users/reference/plugin-registry/).

- **meeting-notes-v2.txt**: Moved from notes.txt
  - Line changes (showing 3 of 4)
    - line 10: '' -> '- Marketing strategy update'
    - line 11: 'Action Items:' -> ''
    - line 12: '- Alice to finalize budget by Friday' -> 'Action Items:'
