---
source: binoc-stdlib/src/test_vectors.rs
expression: "&md"
---
# Changelog: snapshot-a → snapshot-b

- **meeting-notes-v2.txt**: 2 lines added
  - Line changes (showing 3 of 4)
    - line 10: '' -> '- Marketing strategy update'
    - line 11: 'Action Items:' -> ''
    - line 12: '- Alice to finalize budget by Friday' -> 'Action Items:'
