---
source: binoc-stdlib/src/test_vectors.rs
expression: "&stable_changeset"
---
{
  "from_snapshot": "snapshot-a",
  "to_snapshot": "snapshot-b",
  "claims": [],
  "root": {
    "action": "modify",
    "item_type": "directory",
    "path": "",
    "children": [
      {
        "action": "move",
        "item_type": "text",
        "path": "meeting-notes-v2.txt",
        "sources": [
          {
            "path": "notes.txt",
            "side": "from",
            "evidence": "binoc.pair.fuzzy",
            "action": "move"
          }
        ],
        "summary": [
          {
            "text": "2 lines added"
          }
        ],
        "tags": [
          "binoc.content-changed",
          "binoc.lines-added",
          "binoc.move",
          "binoc.move.modified"
        ],
        "details": {
          "edits": [
            {
              "params": {
                "examples": [
                  {
                    "from": "",
                    "line": 10,
                    "to": "- Marketing strategy update"
                  },
                  {
                    "from": "Action Items:",
                    "line": 11,
                    "to": ""
                  },
                  {
                    "from": "- Alice to finalize budget by Friday",
                    "line": 12,
                    "to": "Action Items:"
                  },
                  {
                    "from": "- Bob to update project timeline",
                    "line": 13,
                    "to": "- Alice to finalize budget by Friday"
                  }
                ],
                "examples_truncated": false,
                "left_line_count": 13,
                "lines_added": 2,
                "lines_removed": 0,
                "right_line_count": 15
              },
              "verb": "text.replace_lines"
            }
          ]
        }
      }
    ]
  }
}
