---
source: binoc-stdlib/src/test_vectors.rs
expression: "&abi_log"
---
[
  {
    "method": "compare",
    "plugin": "binoc.directory",
    "data_ops": [
      {
        "op": "local_path",
        "handle": ""
      },
      {
        "op": "local_path",
        "handle": ""
      },
      {
        "op": "register_local",
        "logical": "data.sqlite"
      },
      {
        "op": "read_bytes",
        "handle": "data.sqlite",
        "result_size": 8192
      },
      {
        "op": "register_local",
        "logical": "data.sqlite"
      },
      {
        "op": "read_bytes",
        "handle": "data.sqlite",
        "result_size": 12288
      }
    ]
  },
  {
    "method": "compare",
    "plugin": "binoc-sqlite.sqlite",
    "data_ops": [
      {
        "op": "local_path",
        "handle": "data.sqlite"
      },
      {
        "op": "local_path",
        "handle": "data.sqlite"
      }
    ]
  },
  {
    "method": "transform",
    "plugin": "binoc.move_detector",
    "data_ops": []
  },
  {
    "method": "transform",
    "plugin": "binoc.copy_detector",
    "data_ops": []
  }
]
