---
source: binoc-stdlib/src/test_vectors.rs
expression: "&stable_changeset"
---
{
  "from_snapshot": "snapshot-a",
  "to_snapshot": "snapshot-b",
  "root": {
    "action": "modify",
    "item_type": "directory",
    "path": "",
    "children": [
      {
        "action": "modify",
        "item_type": "gzip_stream",
        "path": "census.txt.gz",
        "children": [
          {
            "action": "modify",
            "item_type": "tabular",
            "path": "census.txt",
            "summary": "1 cell changed",
            "tags": [
              "binoc.cell-change"
            ],
            "details": {
              "cells_changed": 1,
              "columns_added": [],
              "columns_left": [
                "id",
                "county",
                "farms"
              ],
              "columns_removed": [],
              "columns_right": [
                "id",
                "county",
                "farms"
              ],
              "hash_left": "4628bf7bfbbff679c16c4bff9e4bf8575313be5ae6daad5598685c49cd2602bd",
              "hash_right": "9d3ee4c62ce450076f31bc515ac6523df3092b7f745a11a8094bcce9e87de139",
              "rows_added": 0,
              "rows_left": 2,
              "rows_removed": 0,
              "rows_right": 2
            },
            "comparator": "binoc.csv",
            "transformed_by": [
              "binoc.tabular_analyzer"
            ]
          }
        ],
        "details": {
          "hash_left": "cc9146d9472db5882bbb48f06d7de71e5d54f8f90de8324ae9a3cb5a4ddc1bcb",
          "hash_right": "373b168014951dc3efcb0fbfcb0e3814b27f99210a77fc965914ee674addf300"
        },
        "comparator": "binoc.gzip"
      },
      {
        "action": "modify",
        "item_type": "gzip_stream",
        "path": "data.csv.gz",
        "children": [
          {
            "action": "modify",
            "item_type": "tabular",
            "path": "data.csv",
            "summary": "1 row added; 1 cell changed",
            "tags": [
              "binoc.cell-change",
              "binoc.row-addition"
            ],
            "details": {
              "cells_changed": 1,
              "columns_added": [],
              "columns_left": [
                "id",
                "name"
              ],
              "columns_removed": [],
              "columns_right": [
                "id",
                "name"
              ],
              "hash_left": "eba11b43a64542bc15d8713fbd9cdc03026225c2742892413d254c7af756129f",
              "hash_right": "77a1c8e56e9cb017d94a8b1d85e53675ec3acac6aac1ce6e0219ca5f186d026a",
              "rows_added": 1,
              "rows_left": 2,
              "rows_removed": 0,
              "rows_right": 3
            },
            "comparator": "binoc.csv",
            "transformed_by": [
              "binoc.tabular_analyzer"
            ]
          }
        ],
        "details": {
          "hash_left": "836e6597b4fb16563591ba2a4a7262417e3a67ef60f6063ed88a49d96e8461b0",
          "hash_right": "f51d33a8db40fc51bc47f87311886e8d49005111759cf793c490975071e28179"
        },
        "comparator": "binoc.gzip"
      }
    ],
    "comparator": "binoc.directory"
  }
}
