---
source: binoc-stdlib/src/test_vectors.rs
expression: "&stable_changeset"
---
{
  "from_snapshot": "snapshot-a",
  "to_snapshot": "snapshot-b",
  "root": {
    "action": "modify",
    "item_type": "directory",
    "path": "",
    "summary": [
      {
        "uint": 0
      },
      {
        "text": " edits"
      }
    ],
    "children": [
      {
        "action": "add",
        "item_type": "directory",
        "path": "by-state",
        "summary": [
          {
            "text": "Added"
          }
        ],
        "children": [
          {
            "action": "move",
            "item_type": "directory",
            "path": "by-state/AL",
            "source_path": "data",
            "summary": [
              {
                "text": "Moved from "
              },
              {
                "path": {
                  "value": "data",
                  "snapshot": "from"
                }
              }
            ],
            "tags": [
              "binoc.folder-move",
              "binoc.move"
            ],
            "children": [
              {
                "action": "move",
                "item_type": "tabular",
                "path": "by-state/AL/records.csv",
                "source_path": "data/state_AL.csv",
                "summary": [
                  {
                    "text": "Moved from "
                  },
                  {
                    "path": {
                      "value": "data/state_AL.csv",
                      "snapshot": "from"
                    }
                  },
                  {
                    "text": " (modified)"
                  }
                ],
                "tags": [
                  "binoc.content-changed",
                  "binoc.declared-correspondence",
                  "binoc.move",
                  "binoc.move.modified",
                  "binoc.row-addition"
                ],
                "details": {
                  "edits": [
                    {
                      "params": {
                        "index": 1,
                        "values": {
                          "total_values": 2,
                          "truncated": false,
                          "values": [
                            "2",
                            "Birmingham"
                          ]
                        }
                      },
                      "verb": "tabular.add_row"
                    }
                  ]
                }
              }
            ]
          }
        ]
      }
    ]
  }
}
