---
source: binoc-stdlib/src/test_vectors.rs
expression: "&abi_log"
---
[
  {
    "method": "compare",
    "plugin": "binoc.directory",
    "data_ops": [
      {
        "op": "local_path",
        "handle": ""
      },
      {
        "op": "local_path",
        "handle": ""
      },
      {
        "op": "register_local",
        "logical": "outer.zip"
      },
      {
        "op": "read_bytes",
        "handle": "outer.zip",
        "result_size": 248
      },
      {
        "op": "register_local",
        "logical": "outer.zip"
      },
      {
        "op": "read_bytes",
        "handle": "outer.zip",
        "result_size": 255
      }
    ]
  },
  {
    "method": "compare",
    "plugin": "binoc.zip",
    "data_ops": [
      {
        "op": "local_path",
        "handle": "outer.zip"
      },
      {
        "op": "workspace"
      },
      {
        "op": "register_local",
        "logical": "outer.zip"
      },
      {
        "op": "local_path",
        "handle": "outer.zip"
      },
      {
        "op": "workspace"
      },
      {
        "op": "register_local",
        "logical": "outer.zip"
      }
    ]
  },
  {
    "method": "compare",
    "plugin": "binoc.directory",
    "data_ops": [
      {
        "op": "local_path",
        "handle": "outer.zip"
      },
      {
        "op": "local_path",
        "handle": "outer.zip"
      },
      {
        "op": "register_local",
        "logical": "outer.zip/inner.zip"
      },
      {
        "op": "read_bytes",
        "handle": "outer.zip/inner.zip",
        "result_size": 132
      },
      {
        "op": "register_local",
        "logical": "outer.zip/inner.zip"
      },
      {
        "op": "read_bytes",
        "handle": "outer.zip/inner.zip",
        "result_size": 139
      }
    ]
  },
  {
    "method": "compare",
    "plugin": "binoc.zip",
    "data_ops": [
      {
        "op": "local_path",
        "handle": "outer.zip/inner.zip"
      },
      {
        "op": "workspace"
      },
      {
        "op": "register_local",
        "logical": "outer.zip/inner.zip"
      },
      {
        "op": "local_path",
        "handle": "outer.zip/inner.zip"
      },
      {
        "op": "workspace"
      },
      {
        "op": "register_local",
        "logical": "outer.zip/inner.zip"
      }
    ]
  },
  {
    "method": "compare",
    "plugin": "binoc.directory",
    "data_ops": [
      {
        "op": "local_path",
        "handle": "outer.zip/inner.zip"
      },
      {
        "op": "local_path",
        "handle": "outer.zip/inner.zip"
      },
      {
        "op": "register_local",
        "logical": "outer.zip/inner.zip/data.csv"
      },
      {
        "op": "read_bytes",
        "handle": "outer.zip/inner.zip/data.csv",
        "result_size": 18
      },
      {
        "op": "register_local",
        "logical": "outer.zip/inner.zip/data.csv"
      },
      {
        "op": "read_bytes",
        "handle": "outer.zip/inner.zip/data.csv",
        "result_size": 25
      }
    ]
  },
  {
    "method": "compare",
    "plugin": "binoc.csv",
    "data_ops": [
      {
        "op": "local_path",
        "handle": "outer.zip/inner.zip/data.csv"
      },
      {
        "op": "local_path",
        "handle": "outer.zip/inner.zip/data.csv"
      },
      {
        "op": "publish_artifact",
        "format": {
          "package": "binoc",
          "name": "tabular",
          "version": 1
        },
        "subject": "Left",
        "producer": "binoc.csv",
        "size": 50
      },
      {
        "op": "publish_artifact",
        "format": {
          "package": "binoc",
          "name": "tabular",
          "version": 1
        },
        "subject": "Right",
        "producer": "binoc.csv",
        "size": 63
      }
    ]
  },
  {
    "method": "transform",
    "plugin": "binoc.correlation_detector",
    "data_ops": []
  },
  {
    "method": "transform",
    "plugin": "binoc.fuzzy_correlation_detector",
    "data_ops": []
  },
  {
    "method": "transform",
    "plugin": "binoc.folder_move_detector",
    "data_ops": []
  },
  {
    "method": "transform",
    "plugin": "binoc.table_splitter",
    "data_ops": [
      {
        "op": "get_artifact",
        "format": {
          "package": "binoc",
          "name": "tabular",
          "version": 1
        },
        "found": true
      },
      {
        "op": "get_artifact",
        "format": {
          "package": "binoc",
          "name": "tabular",
          "version": 1
        },
        "found": true
      }
    ]
  },
  {
    "method": "transform",
    "plugin": "binoc.tabular_analyzer",
    "data_ops": [
      {
        "op": "get_artifact",
        "format": {
          "package": "binoc",
          "name": "tabular",
          "version": 1
        },
        "found": true
      },
      {
        "op": "get_artifact",
        "format": {
          "package": "binoc",
          "name": "tabular",
          "version": 1
        },
        "found": true
      }
    ]
  }
]
