---
source: binoc-stdlib/src/test_vectors.rs
expression: "&md"
---
# Changelog: snapshot-a → snapshot-b

Need plugin background? See the [plugin registry](https://harvard-lil.github.io/binoc/users/reference/plugin-registry/).

- **outer.zip/>inner.zip/>data.csv**: 1 row added
  - Dialect provenance: detected comma-delimited, no quoting, newline LF
  - Rows added
    - row 2: 'Bob', '25'
