---
source: binoc-stdlib/src/test_vectors.rs
expression: "&stable_changeset"
---
{
  "from_snapshot": "snapshot-a",
  "to_snapshot": "snapshot-b",
  "claims": [],
  "root": {
    "action": "modify",
    "item_type": "directory",
    "path": "",
    "children": [
      {
        "action": "modify",
        "item_type": "text",
        "path": "story.txt",
        "sources": [
          {
            "path": "story.txt",
            "side": "from",
            "evidence": "binoc.pair.name",
            "action": "modify"
          }
        ],
        "summary": [
          {
            "text": "2 lines added; 1 line removed"
          }
        ],
        "tags": [
          "binoc.content-changed",
          "binoc.lines-added",
          "binoc.lines-removed"
        ],
        "details": {
          "edits": [
            {
              "params": {
                "examples": [
                  {
                    "from": "Line 2",
                    "line": 2,
                    "to": "Line 2 revised"
                  }
                ],
                "examples_truncated": false,
                "left_line_count": 5,
                "lines_added": 2,
                "lines_removed": 1,
                "right_line_count": 6
              },
              "verb": "text.replace_lines"
            }
          ]
        }
      }
    ]
  }
}
