---
source: binoc-stdlib/src/test_vectors.rs
expression: "&stable_changeset"
---
{
  "from_snapshot": "snapshot-a",
  "to_snapshot": "snapshot-b",
  "root": {
    "action": "modify",
    "item_type": "directory",
    "path": "",
    "children": [
      {
        "action": "modify",
        "item_type": "tabular",
        "path": "data.csv",
        "summary": [
          {
            "uint": 2
          },
          {
            "text": " edits"
          }
        ],
        "tags": [
          "binoc.cell-change"
        ],
        "details": {
          "edits": [
            {
              "params": {
                "column": "score",
                "from": "85",
                "row": 0,
                "to": "92"
              },
              "verb": "tabular.edit_cell"
            },
            {
              "params": {
                "column": "score",
                "from": "90",
                "row": 1,
                "to": "88"
              },
              "verb": "tabular.edit_cell"
            }
          ]
        }
      }
    ]
  }
}
