---
source: binoc-stdlib/src/test_vectors.rs
expression: "&md"
---
# Changelog: snapshot-a → snapshot-b

Need plugin background? See the [plugin registry](https://harvard-lil.github.io/binoc/users/reference/plugin-registry/).

- **data.csv**: 2 cells changed
  - Changed cells
    - row 1, column 'score': '85' -> '92'
    - row 2, column 'score': '90' -> '88'
