---
source: binoc-stdlib/src/test_vectors.rs
expression: "&md"
---
# Changelog: snapshot-a → snapshot-b

Need plugin background? See the [plugin registry](https://harvard-lil.github.io/binoc/users/reference/plugin-registry/).

- **archive.zip**: Moved from data.zip
- **archive.zip/>new.csv**: Moved from data.zip/>old.csv
  - Changed cells
    - row 5, column 'score': '60' -> '61'
