---
source: binoc-stdlib/src/test_vectors.rs
expression: "&stable_changeset"
---
{
  "from_snapshot": "snapshot-a",
  "to_snapshot": "snapshot-b",
  "claims": [],
  "root": {
    "action": "modify",
    "item_type": "directory",
    "path": "",
    "children": [
      {
        "action": "move",
        "item_type": "file",
        "path": "archive.zip",
        "sources": [
          {
            "path": "data.zip",
            "side": "from",
            "evidence": "binoc.pair.container_from_children",
            "action": "move"
          }
        ],
        "summary": [
          {
            "text": "Moved from "
          },
          {
            "path": {
              "value": "data.zip",
              "snapshot": "from"
            }
          }
        ],
        "tags": [
          "binoc.folder-move",
          "binoc.move"
        ],
        "children": [
          {
            "action": "move",
            "item_type": "tabular",
            "path": "archive.zip/>new.csv",
            "sources": [
              {
                "path": "data.zip/>old.csv",
                "side": "from",
                "evidence": "binoc.pair.fuzzy",
                "action": "move"
              }
            ],
            "summary": [
              {
                "text": "Moved from "
              },
              {
                "path": {
                  "value": "data.zip/>old.csv",
                  "snapshot": "from"
                }
              }
            ],
            "tags": [
              "binoc.cell-change",
              "binoc.content-changed",
              "binoc.dialect-inferred",
              "binoc.move",
              "binoc.move.modified"
            ],
            "details": {
              "edits": [
                {
                  "params": {
                    "column": "score",
                    "from": "60",
                    "row": 4,
                    "to": "61"
                  },
                  "verb": "tabular.edit_cell"
                }
              ]
            },
            "annotations": [
              {
                "package": "binoc",
                "key": "dialect_provenance",
                "value": "detected comma-delimited, no quoting, newline LF"
              }
            ]
          }
        ]
      }
    ]
  }
}
