---
source: binoc-stdlib/src/test_vectors.rs
expression: "&stable_changeset"
---
{
  "from_snapshot": "snapshot-a",
  "to_snapshot": "snapshot-b",
  "claims": [],
  "root": {
    "action": "modify",
    "item_type": "directory",
    "path": "",
    "children": [
      {
        "action": "container_representation_change",
        "item_type": "SQLite database",
        "path": "data.sqlite",
        "sources": [
          {
            "path": "data",
            "side": "from",
            "evidence": "binoc.pair.container_from_children",
            "action": "container_representation_change"
          }
        ],
        "summary": [
          {
            "text": "Reshaped from "
          },
          {
            "path": {
              "value": "data",
              "snapshot": "from"
            }
          },
          {
            "text": " (directory → SQLite database)"
          }
        ],
        "tags": [
          "binoc.container-reshape",
          "binoc.serialization-change"
        ],
        "children": [
          {
            "action": "move",
            "item_type": "tabular",
            "path": "data.sqlite/>customers",
            "sources": [
              {
                "path": "data/customers.csv",
                "side": "from",
                "evidence": "binoc.pair.tabular",
                "action": "move"
              }
            ],
            "summary": [
              {
                "text": "Moved from "
              },
              {
                "path": {
                  "value": "data/customers.csv",
                  "snapshot": "from"
                }
              }
            ],
            "tags": [
              "binoc.column-type-change",
              "binoc.content-changed",
              "binoc.dialect-inferred",
              "binoc.move",
              "binoc.move.modified",
              "binoc.row-addition",
              "binoc.schema-change",
              "binoc.serialization-change"
            ],
            "details": {
              "edits": [
                {
                  "params": {
                    "cells": 2,
                    "column": "id",
                    "from_type": "string",
                    "to_type": "number"
                  },
                  "summary": [
                    {
                      "text": "Column type changed: 'id' string -> number"
                    }
                  ],
                  "verb": "tabular.column_type_changed"
                },
                {
                  "params": {
                    "index": 2,
                    "values": {
                      "total_values": 3,
                      "truncated": false,
                      "values": [
                        3,
                        "Carol",
                        "NY"
                      ]
                    }
                  },
                  "verb": "tabular.add_row"
                }
              ]
            },
            "annotations": [
              {
                "package": "binoc",
                "key": "dialect_provenance",
                "value": "detected comma-delimited, no quoting, newline LF"
              }
            ]
          },
          {
            "action": "move",
            "item_type": "tabular",
            "path": "data.sqlite/>orders",
            "sources": [
              {
                "path": "data/orders.csv",
                "side": "from",
                "evidence": "binoc.pair.tabular",
                "action": "move"
              }
            ],
            "summary": [
              {
                "text": "Moved from "
              },
              {
                "path": {
                  "value": "data/orders.csv",
                  "snapshot": "from"
                }
              }
            ],
            "tags": [
              "binoc.cell-change",
              "binoc.column-type-change",
              "binoc.content-changed",
              "binoc.dialect-inferred",
              "binoc.move",
              "binoc.move.modified",
              "binoc.schema-change",
              "binoc.serialization-change"
            ],
            "details": {
              "edits": [
                {
                  "params": {
                    "cells": 2,
                    "column": "id",
                    "from_type": "string",
                    "to_type": "number"
                  },
                  "summary": [
                    {
                      "text": "Column type changed: 'id' string -> number"
                    }
                  ],
                  "verb": "tabular.column_type_changed"
                },
                {
                  "params": {
                    "cells": 2,
                    "column": "customer_id",
                    "from_type": "string",
                    "to_type": "number"
                  },
                  "summary": [
                    {
                      "text": "Column type changed: 'customer_id' string -> number"
                    }
                  ],
                  "verb": "tabular.column_type_changed"
                },
                {
                  "params": {
                    "column": "total",
                    "from": "42",
                    "row": 0,
                    "to": 42
                  },
                  "verb": "tabular.edit_cell"
                },
                {
                  "params": {
                    "column": "total",
                    "from": "17",
                    "row": 1,
                    "to": 99
                  },
                  "verb": "tabular.edit_cell"
                }
              ]
            },
            "annotations": [
              {
                "package": "binoc",
                "key": "dialect_provenance",
                "value": "detected comma-delimited, no quoting, newline LF"
              }
            ]
          }
        ]
      }
    ]
  }
}
