---
source: binoc-stdlib/src/test_vectors.rs
expression: "&md"
---
# Changelog: snapshot-a → snapshot-b

Need plugin background? See the [plugin registry](https://harvard-lil.github.io/binoc/users/reference/plugin-registry/).

- **data.sqlite**: Reshaped from data (directory → SQLite database)
- **data.sqlite/>customers**:
  - Moved from data/customers.csv
  - Column type changed: 'id' string -> number
  - Rows added
    - row 3: 3, 'Carol', 'NY'
- **data.sqlite/>orders**:
  - Moved from data/orders.csv
  - Column type changed: 'id' string -> number; Column type changed: 'customer_id' string -> number
  - Changed cells
    - row 1, column 'total': '42' -> 42
    - row 2, column 'total': '17' -> 99
