---
source: binoc-stdlib/src/test_vectors.rs
expression: "&md"
---
# Changelog: snapshot-a → snapshot-b

- **data.parquet**: Column added: 'in_stock'
  - Set Headers: from: ["id","name","price"]; to: ["id","name","price","in_stock"]
  - Add Column: name: 'in_stock'; values: {"total_values":3,"truncated":false,"values":[true,false,true]}
