---
source: binoc-stdlib/src/test_vectors.rs
assertion_line: 373
expression: "&md"
---
# Changelog: snapshot-a → snapshot-b

- **data.tsv**:
  - Moved from data.csv
  - 1 row added; 1 cell changed
  - Changed cells
    - row 2, column 'age': '25' -> '26'
  - Rows added
    - row 4: 'Dave', '41', 'Austin'
