---
source: binoc-stdlib/src/test_vectors.rs
expression: "&md"
---
# Changelog: snapshot-a → snapshot-b

- **data/records.csv**: 1 row added
  - Rows added
    - row 3: '3', 'Charlie'
- **data/extra.csv**: Added
- **docs/readme.txt**: 2 lines added; 1 line removed
  - Line changes
    - line 1: 'Version 1 readme' -> 'Version 2 readme'
