---
source: binoc-stdlib/src/test_vectors.rs
expression: "&stable_changeset"
---
{
  "from_snapshot": "snapshot-a",
  "to_snapshot": "snapshot-b",
  "claims": [],
  "root": {
    "action": "modify",
    "item_type": "directory",
    "path": "",
    "children": [
      {
        "action": "modify",
        "item_type": "plist",
        "path": "data.plist",
        "sources": [
          {
            "path": "data.plist",
            "side": "from",
            "evidence": "binoc.pair.name",
            "action": "modify"
          }
        ],
        "summary": [
          {
            "text": "Document values changed"
          }
        ],
        "tags": [
          "binoc.content-changed",
          "binoc.document-value-change"
        ],
        "details": {
          "edits": [
            {
              "params": {
                "changes": [
                  {
                    "from": "3",
                    "kind": "replace",
                    "path": "$.replicas",
                    "to": "6"
                  }
                ],
                "examples_truncated": false
              },
              "verb": "document.value_change"
            }
          ]
        }
      }
    ]
  }
}
