---
source: binoc-stdlib/src/test_vectors.rs
expression: "&abi_log"
---
[
  {
    "method": "compare",
    "plugin": "binoc.directory",
    "data_ops": [
      {
        "op": "local_path",
        "handle": ""
      },
      {
        "op": "local_path",
        "handle": ""
      },
      {
        "op": "register_local",
        "logical": "data.csv"
      },
      {
        "op": "read_bytes",
        "handle": "data.csv",
        "result_size": 37
      },
      {
        "op": "register_local",
        "logical": "data.csv"
      },
      {
        "op": "read_bytes",
        "handle": "data.csv",
        "result_size": 90
      }
    ]
  },
  {
    "method": "compare",
    "plugin": "binoc.csv",
    "data_ops": [
      {
        "op": "local_path",
        "handle": "data.csv"
      },
      {
        "op": "local_path",
        "handle": "data.csv"
      },
      {
        "op": "publish_artifact",
        "format": {
          "package": "binoc",
          "name": "tabular",
          "version": 1
        },
        "subject": "Left",
        "producer": "binoc.csv",
        "size": 81
      },
      {
        "op": "publish_artifact",
        "format": {
          "package": "binoc",
          "name": "tabular",
          "version": 1
        },
        "subject": "Right",
        "producer": "binoc.csv",
        "size": 150
      }
    ]
  },
  {
    "method": "transform",
    "plugin": "binoc.declared_correspondence",
    "data_ops": []
  },
  {
    "method": "transform",
    "plugin": "binoc.correlation_detector",
    "data_ops": []
  },
  {
    "method": "transform",
    "plugin": "binoc.fuzzy_correlation_detector",
    "data_ops": []
  },
  {
    "method": "transform",
    "plugin": "binoc.folder_move_detector",
    "data_ops": []
  },
  {
    "method": "transform",
    "plugin": "binoc.table_splitter",
    "data_ops": [
      {
        "op": "get_artifact",
        "format": {
          "package": "binoc",
          "name": "tabular",
          "version": 1
        },
        "found": true
      },
      {
        "op": "get_artifact",
        "format": {
          "package": "binoc",
          "name": "tabular",
          "version": 1
        },
        "found": true
      }
    ]
  },
  {
    "method": "transform",
    "plugin": "binoc.tabular_analyzer",
    "data_ops": [
      {
        "op": "get_artifact",
        "format": {
          "package": "binoc",
          "name": "tabular",
          "version": 1
        },
        "found": true
      },
      {
        "op": "get_artifact",
        "format": {
          "package": "binoc",
          "name": "tabular",
          "version": 1
        },
        "found": true
      }
    ]
  },
  {
    "method": "transform",
    "plugin": "binoc.tabular_stats_annotator",
    "data_ops": []
  }
]
