---
source: binoc-stdlib/src/test_vectors.rs
expression: "&md"
---
# Changelog: snapshot-a → snapshot-b

- **data.csv**: Column added: 'email'; Columns reordered; 1 row added
  - Rows added
    - row 3: 'SF', 'Charlie', '35'
  - Add Column: name: 'email'; values: {"total_values":3,"truncated":false,"values":["a@test.com","b@test.com","c@test.com"]}
