---
source: binoc-stdlib/src/test_vectors.rs
expression: "&md"
---
# Changelog: snapshot-a → snapshot-b

Need plugin background? See the [plugin registry](https://harvard-lil.github.io/binoc/users/reference/plugin-registry/).

- **data.csv**: 2 rows added
  - Rows added
    - row 2: 'Beta', '*'
    - row 3: 'Gamma', '(D)'
