---
source: binoc-stdlib/src/test_vectors.rs
expression: "&stable_changeset"
---
{
  "from_snapshot": "snapshot-a",
  "to_snapshot": "snapshot-b",
  "root": {
    "action": "modify",
    "item_type": "directory",
    "path": "",
    "children": [
      {
        "action": "modify",
        "item_type": "file",
        "path": "data.parquet",
        "summary": [
          {
            "uint": 1
          },
          {
            "text": " edit"
          }
        ],
        "tags": [
          "binoc.content-changed"
        ],
        "details": {
          "edits": [
            {
              "params": {},
              "verb": "binary.contents-differ"
            }
          ]
        }
      }
    ]
  }
}
