---
source: binoc-stdlib/src/test_vectors.rs
expression: "&md"
---
# Changelog: snapshot-a → snapshot-b

Need plugin background? See the [plugin registry](https://harvard-lil.github.io/binoc/users/reference/plugin-registry/).

- **changes.csv**: Moved from report.csv/>table_1
- **products.csv**: Reshaped from report.csv (stacked tables → tabular)
- **report.csv/>table_2**: Removed
