---
source: binoc-stdlib/src/test_vectors.rs
expression: "&abi_log"
---
[
  {
    "method": "compare",
    "plugin": "binoc.directory",
    "data_ops": [
      {
        "op": "local_path",
        "handle": ""
      },
      {
        "op": "local_path",
        "handle": ""
      },
      {
        "op": "register_local",
        "logical": "archive.tar.gz"
      },
      {
        "op": "read_bytes",
        "handle": "archive.tar.gz",
        "result_size": 182
      },
      {
        "op": "register_local",
        "logical": "archive.tar.gz"
      },
      {
        "op": "read_bytes",
        "handle": "archive.tar.gz",
        "result_size": 203
      }
    ]
  },
  {
    "method": "compare",
    "plugin": "binoc.tar",
    "data_ops": [
      {
        "op": "local_path",
        "handle": "archive.tar.gz"
      },
      {
        "op": "workspace"
      },
      {
        "op": "register_local",
        "logical": "archive.tar.gz"
      },
      {
        "op": "local_path",
        "handle": "archive.tar.gz"
      },
      {
        "op": "workspace"
      },
      {
        "op": "register_local",
        "logical": "archive.tar.gz"
      }
    ]
  },
  {
    "method": "compare",
    "plugin": "binoc.directory",
    "data_ops": [
      {
        "op": "local_path",
        "handle": "archive.tar.gz"
      },
      {
        "op": "local_path",
        "handle": "archive.tar.gz"
      },
      {
        "op": "register_local",
        "logical": "archive.tar.gz/data.csv"
      },
      {
        "op": "read_bytes",
        "handle": "archive.tar.gz/data.csv",
        "result_size": 26
      },
      {
        "op": "register_local",
        "logical": "archive.tar.gz/data.csv"
      },
      {
        "op": "read_bytes",
        "handle": "archive.tar.gz/data.csv",
        "result_size": 34
      },
      {
        "op": "register_local",
        "logical": "archive.tar.gz/hello.txt"
      },
      {
        "op": "read_bytes",
        "handle": "archive.tar.gz/hello.txt",
        "result_size": 14
      },
      {
        "op": "register_local",
        "logical": "archive.tar.gz/hello.txt"
      },
      {
        "op": "read_bytes",
        "handle": "archive.tar.gz/hello.txt",
        "result_size": 30
      }
    ]
  },
  {
    "method": "compare",
    "plugin": "binoc.csv",
    "data_ops": [
      {
        "op": "local_path",
        "handle": "archive.tar.gz/data.csv"
      },
      {
        "op": "local_path",
        "handle": "archive.tar.gz/data.csv"
      },
      {
        "op": "publish_artifact",
        "format": {
          "package": "binoc",
          "name": "tabular",
          "version": 1
        },
        "subject": "Left",
        "producer": "binoc.csv",
        "size": 64
      },
      {
        "op": "publish_artifact",
        "format": {
          "package": "binoc",
          "name": "tabular",
          "version": 1
        },
        "subject": "Right",
        "producer": "binoc.csv",
        "size": 78
      }
    ]
  },
  {
    "method": "compare",
    "plugin": "binoc.text",
    "data_ops": [
      {
        "op": "read_bytes",
        "handle": "archive.tar.gz/hello.txt",
        "result_size": 14
      },
      {
        "op": "read_bytes",
        "handle": "archive.tar.gz/hello.txt",
        "result_size": 30
      }
    ]
  },
  {
    "method": "transform",
    "plugin": "binoc.correlation_detector",
    "data_ops": []
  },
  {
    "method": "transform",
    "plugin": "binoc.fuzzy_correlation_detector",
    "data_ops": []
  },
  {
    "method": "transform",
    "plugin": "binoc.folder_move_detector",
    "data_ops": []
  },
  {
    "method": "transform",
    "plugin": "binoc.tabular_analyzer",
    "data_ops": [
      {
        "op": "get_artifact",
        "format": {
          "package": "binoc",
          "name": "tabular",
          "version": 1
        },
        "found": true
      },
      {
        "op": "get_artifact",
        "format": {
          "package": "binoc",
          "name": "tabular",
          "version": 1
        },
        "found": true
      }
    ]
  }
]
