---
source: binoc-stdlib/src/test_vectors.rs
expression: "&md"
---
# Changelog: snapshot-a → snapshot-b

Need plugin background? See the [plugin registry](https://harvard-lil.github.io/binoc/users/reference/plugin-registry/).

- **archive.tar.gz/>data.csv**: 1 row added
  - Rows added
    - row 3: 'gamma', '3'
- **archive.tar.gz/>hello.txt**: 1 line added
