---
source: binoc-stdlib/src/test_vectors.rs
expression: "&stable_changeset"
---
{
  "from_snapshot": "snapshot-a",
  "to_snapshot": "snapshot-b",
  "claims": [],
  "root": {
    "action": "modify",
    "item_type": "directory",
    "path": "",
    "sources": [
      {
        "path": "",
        "side": "from",
        "evidence": "binoc.pair.root",
        "action": "modify"
      }
    ],
    "summary": [
      {
        "uint": 0
      },
      {
        "text": " edits"
      }
    ],
    "children": [
      {
        "action": "add",
        "item_type": "directory",
        "path": "FoodData_Central_csv_2026-04-30",
        "sources": [
          {
            "path": "FoodData_Central_csv_2026-04-30",
            "side": "to",
            "action": "add"
          }
        ],
        "summary": [
          {
            "text": "Added"
          }
        ],
        "children": [
          {
            "action": "move",
            "item_type": "text",
            "path": "FoodData_Central_csv_2026-04-30/README.txt",
            "sources": [
              {
                "path": "FoodData_Central_csv_2025-12-18/README.txt",
                "side": "from",
                "evidence": "binoc.pair.hash",
                "action": "move"
              }
            ],
            "summary": [
              {
                "text": "Moved from "
              },
              {
                "path": {
                  "value": "FoodData_Central_csv_2025-12-18/README.txt",
                  "snapshot": "from"
                }
              }
            ],
            "tags": [
              "binoc.move"
            ]
          },
          {
            "action": "move",
            "item_type": "directory",
            "path": "FoodData_Central_csv_2026-04-30/data",
            "sources": [
              {
                "path": "FoodData_Central_csv_2025-12-18/data",
                "side": "from",
                "evidence": "binoc.pair.container_from_children",
                "action": "move"
              }
            ],
            "summary": [
              {
                "text": "Moved from "
              },
              {
                "path": {
                  "value": "FoodData_Central_csv_2025-12-18/data",
                  "snapshot": "from"
                }
              }
            ],
            "tags": [
              "binoc.folder-move",
              "binoc.move"
            ],
            "children": [
              {
                "action": "add",
                "item_type": "tabular",
                "path": "FoodData_Central_csv_2026-04-30/data/new-table.csv",
                "sources": [
                  {
                    "path": "FoodData_Central_csv_2026-04-30/data/new-table.csv",
                    "side": "to",
                    "action": "add"
                  }
                ],
                "summary": [
                  {
                    "text": "Added"
                  }
                ],
                "tags": [
                  "binoc.content-changed",
                  "binoc.dialect-inferred"
                ],
                "annotations": [
                  {
                    "package": "binoc",
                    "key": "dialect_provenance",
                    "value": "detected comma-delimited, no quoting, newline LF"
                  }
                ]
              }
            ]
          },
          {
            "action": "add",
            "item_type": "directory",
            "path": "FoodData_Central_csv_2026-04-30/docs",
            "sources": [
              {
                "path": "FoodData_Central_csv_2026-04-30/docs",
                "side": "to",
                "action": "add"
              }
            ],
            "summary": [
              {
                "text": "Added"
              }
            ],
            "children": [
              {
                "action": "move",
                "item_type": "text",
                "path": "FoodData_Central_csv_2026-04-30/docs/changelog-note.txt",
                "sources": [
                  {
                    "path": "FoodData_Central_csv_2025-12-18/docs/changelog-note.txt",
                    "side": "from",
                    "evidence": "binoc.pair.hash",
                    "action": "move"
                  }
                ],
                "summary": [
                  {
                    "text": "Moved from "
                  },
                  {
                    "path": {
                      "value": "FoodData_Central_csv_2025-12-18/docs/changelog-note.txt",
                      "snapshot": "from"
                    }
                  }
                ],
                "tags": [
                  "binoc.move"
                ]
              },
              {
                "action": "move",
                "item_type": "text",
                "path": "FoodData_Central_csv_2026-04-30/docs/license.txt",
                "sources": [
                  {
                    "path": "FoodData_Central_csv_2025-12-18/docs/license.txt",
                    "side": "from",
                    "evidence": "binoc.pair.hash",
                    "action": "move"
                  }
                ],
                "summary": [
                  {
                    "text": "Moved from "
                  },
                  {
                    "path": {
                      "value": "FoodData_Central_csv_2025-12-18/docs/license.txt",
                      "snapshot": "from"
                    }
                  }
                ],
                "tags": [
                  "binoc.move"
                ]
              },
              {
                "action": "move",
                "item_type": "text",
                "path": "FoodData_Central_csv_2026-04-30/docs/schema.txt",
                "sources": [
                  {
                    "path": "FoodData_Central_csv_2025-12-18/docs/schema.txt",
                    "side": "from",
                    "evidence": "binoc.pair.hash",
                    "action": "move"
                  }
                ],
                "summary": [
                  {
                    "text": "Moved from "
                  },
                  {
                    "path": {
                      "value": "FoodData_Central_csv_2025-12-18/docs/schema.txt",
                      "snapshot": "from"
                    }
                  }
                ],
                "tags": [
                  "binoc.move"
                ]
              },
              {
                "action": "add",
                "item_type": "text",
                "path": "FoodData_Central_csv_2026-04-30/docs/modified.txt",
                "sources": [
                  {
                    "path": "FoodData_Central_csv_2026-04-30/docs/modified.txt",
                    "side": "to",
                    "action": "add"
                  }
                ],
                "summary": [
                  {
                    "text": "Added"
                  }
                ],
                "tags": [
                  "binoc.content-changed"
                ]
              }
            ]
          }
        ]
      },
      {
        "action": "remove",
        "item_type": "directory",
        "path": "FoodData_Central_csv_2025-12-18",
        "sources": [
          {
            "path": "FoodData_Central_csv_2025-12-18",
            "side": "from",
            "action": "remove"
          }
        ],
        "summary": [
          {
            "text": "Removed"
          }
        ],
        "children": [
          {
            "action": "remove",
            "item_type": "directory",
            "path": "FoodData_Central_csv_2025-12-18/docs",
            "sources": [
              {
                "path": "FoodData_Central_csv_2025-12-18/docs",
                "side": "from",
                "action": "remove"
              }
            ],
            "summary": [
              {
                "text": "Removed"
              }
            ],
            "children": [
              {
                "action": "remove",
                "item_type": "text",
                "path": "FoodData_Central_csv_2025-12-18/docs/modified.txt",
                "sources": [
                  {
                    "path": "FoodData_Central_csv_2025-12-18/docs/modified.txt",
                    "side": "from",
                    "action": "remove"
                  }
                ],
                "summary": [
                  {
                    "text": "Removed"
                  }
                ],
                "tags": [
                  "binoc.content-changed"
                ]
              },
              {
                "action": "remove",
                "item_type": "text",
                "path": "FoodData_Central_csv_2025-12-18/docs/old-table.txt",
                "sources": [
                  {
                    "path": "FoodData_Central_csv_2025-12-18/docs/old-table.txt",
                    "side": "from",
                    "action": "remove"
                  }
                ],
                "summary": [
                  {
                    "text": "Removed"
                  }
                ],
                "tags": [
                  "binoc.content-changed"
                ]
              }
            ]
          }
        ]
      }
    ]
  }
}
