---
source: binoc-stdlib/src/test_vectors.rs
expression: "&stable_changeset"
---
{
  "from_snapshot": "snapshot-a",
  "to_snapshot": "snapshot-b",
  "root": {
    "action": "modify",
    "item_type": "directory",
    "path": "",
    "summary": [
      {
        "uint": 0
      },
      {
        "text": " edits"
      }
    ],
    "children": [
      {
        "action": "add",
        "item_type": "directory",
        "path": "FoodData_Central_csv_2026-04-30",
        "summary": [
          {
            "text": "Added"
          }
        ],
        "children": [
          {
            "action": "move",
            "item_type": "text",
            "path": "FoodData_Central_csv_2026-04-30/README.txt",
            "source_path": "FoodData_Central_csv_2025-12-18/README.txt",
            "summary": [
              {
                "text": "Moved from "
              },
              {
                "path": {
                  "value": "FoodData_Central_csv_2025-12-18/README.txt",
                  "snapshot": "from"
                }
              }
            ],
            "tags": [
              "binoc.move"
            ]
          },
          {
            "action": "move",
            "item_type": "directory",
            "path": "FoodData_Central_csv_2026-04-30/data",
            "source_path": "FoodData_Central_csv_2025-12-18/data",
            "summary": [
              {
                "text": "Moved from "
              },
              {
                "path": {
                  "value": "FoodData_Central_csv_2025-12-18/data",
                  "snapshot": "from"
                }
              }
            ],
            "tags": [
              "binoc.folder-move",
              "binoc.move"
            ],
            "children": [
              {
                "action": "add",
                "item_type": "tabular",
                "path": "FoodData_Central_csv_2026-04-30/data/new-table.csv",
                "summary": [
                  {
                    "text": "Added"
                  }
                ],
                "tags": [
                  "binoc.content-changed"
                ]
              }
            ]
          },
          {
            "action": "add",
            "item_type": "directory",
            "path": "FoodData_Central_csv_2026-04-30/docs",
            "summary": [
              {
                "text": "Added"
              }
            ],
            "children": [
              {
                "action": "move",
                "item_type": "text",
                "path": "FoodData_Central_csv_2026-04-30/docs/changelog-note.txt",
                "source_path": "FoodData_Central_csv_2025-12-18/docs/changelog-note.txt",
                "summary": [
                  {
                    "text": "Moved from "
                  },
                  {
                    "path": {
                      "value": "FoodData_Central_csv_2025-12-18/docs/changelog-note.txt",
                      "snapshot": "from"
                    }
                  }
                ],
                "tags": [
                  "binoc.move"
                ]
              },
              {
                "action": "move",
                "item_type": "text",
                "path": "FoodData_Central_csv_2026-04-30/docs/license.txt",
                "source_path": "FoodData_Central_csv_2025-12-18/docs/license.txt",
                "summary": [
                  {
                    "text": "Moved from "
                  },
                  {
                    "path": {
                      "value": "FoodData_Central_csv_2025-12-18/docs/license.txt",
                      "snapshot": "from"
                    }
                  }
                ],
                "tags": [
                  "binoc.move"
                ]
              },
              {
                "action": "move",
                "item_type": "text",
                "path": "FoodData_Central_csv_2026-04-30/docs/schema.txt",
                "source_path": "FoodData_Central_csv_2025-12-18/docs/schema.txt",
                "summary": [
                  {
                    "text": "Moved from "
                  },
                  {
                    "path": {
                      "value": "FoodData_Central_csv_2025-12-18/docs/schema.txt",
                      "snapshot": "from"
                    }
                  }
                ],
                "tags": [
                  "binoc.move"
                ]
              },
              {
                "action": "add",
                "item_type": "text",
                "path": "FoodData_Central_csv_2026-04-30/docs/modified.txt",
                "summary": [
                  {
                    "text": "Added"
                  }
                ],
                "tags": [
                  "binoc.content-changed"
                ]
              }
            ]
          }
        ]
      },
      {
        "action": "remove",
        "item_type": "directory",
        "path": "FoodData_Central_csv_2025-12-18",
        "summary": [
          {
            "text": "Removed"
          }
        ],
        "children": [
          {
            "action": "remove",
            "item_type": "directory",
            "path": "FoodData_Central_csv_2025-12-18/docs",
            "summary": [
              {
                "text": "Removed"
              }
            ],
            "children": [
              {
                "action": "remove",
                "item_type": "text",
                "path": "FoodData_Central_csv_2025-12-18/docs/modified.txt",
                "summary": [
                  {
                    "text": "Removed"
                  }
                ],
                "tags": [
                  "binoc.content-changed"
                ]
              },
              {
                "action": "remove",
                "item_type": "text",
                "path": "FoodData_Central_csv_2025-12-18/docs/old-table.txt",
                "summary": [
                  {
                    "text": "Removed"
                  }
                ],
                "tags": [
                  "binoc.content-changed"
                ]
              }
            ]
          }
        ]
      }
    ]
  }
}
