---
source: binoc-stdlib/src/test_vectors.rs
expression: "&stable_changeset"
---
{
  "from_snapshot": "snapshot-a",
  "to_snapshot": "snapshot-b",
  "root": {
    "action": "modify",
    "item_type": "directory",
    "path": "",
    "children": [
      {
        "action": "modify",
        "item_type": "tabular",
        "path": "data.csv",
        "summary": [
          {
            "uint": 5
          },
          {
            "text": " edits"
          }
        ],
        "tags": [
          "binoc.cell-change"
        ],
        "details": {
          "edits": [
            {
              "params": {
                "column": "score",
                "from": "10",
                "key": {
                  "id": "1"
                },
                "to": "12"
              },
              "verb": "tabular.edit_cell"
            },
            {
              "params": {
                "column": "score",
                "from": "20",
                "key": {
                  "id": "2"
                },
                "to": "35"
              },
              "verb": "tabular.edit_cell"
            },
            {
              "params": {
                "column": "label",
                "from": "beta",
                "key": {
                  "id": "2"
                },
                "to": "beta2"
              },
              "verb": "tabular.edit_cell"
            },
            {
              "params": {
                "column": "score",
                "from": "30",
                "key": {
                  "id": "3"
                },
                "to": "45"
              },
              "verb": "tabular.edit_cell"
            },
            {
              "params": {
                "column": "score",
                "from": "",
                "key": {
                  "id": "4"
                },
                "to": "50"
              },
              "verb": "tabular.edit_cell"
            }
          ]
        }
      }
    ]
  }
}
