---
source: binoc-stdlib/src/test_vectors.rs
expression: "&abi_log"
---
[
  {
    "method": "compare",
    "plugin": "binoc.directory",
    "data_ops": [
      {
        "op": "local_path",
        "handle": ""
      },
      {
        "op": "local_path",
        "handle": ""
      },
      {
        "op": "register_local",
        "logical": "data.csv"
      },
      {
        "op": "read_bytes",
        "handle": "data.csv",
        "result_size": 25
      },
      {
        "op": "register_local",
        "logical": "data.csv"
      },
      {
        "op": "read_bytes",
        "handle": "data.csv",
        "result_size": 59
      }
    ]
  },
  {
    "method": "compare",
    "plugin": "binoc.csv",
    "data_ops": [
      {
        "op": "local_path",
        "handle": "data.csv"
      },
      {
        "op": "local_path",
        "handle": "data.csv"
      }
    ]
  },
  {
    "method": "transform",
    "plugin": "binoc.move_detector",
    "data_ops": []
  },
  {
    "method": "transform",
    "plugin": "binoc.copy_detector",
    "data_ops": []
  },
  {
    "method": "transform",
    "plugin": "binoc.column_reorder_detector",
    "data_ops": []
  }
]
