---
source: binoc-stdlib/src/test_vectors.rs
expression: "&md"
---
# Changelog: snapshot-a → snapshot-b

Need plugin background? See the [plugin registry](https://harvard-lil.github.io/binoc/users/reference/plugin-registry/).

- **data.csv**: Column added: 'email'
  - Set Headers: from: ["name","age"]; to: ["name","age","email"]
  - Add Column: name: 'email'; values: {"total_values":2,"truncated":false,"values":["alice@test.com","bob@test.com"]}
