---
source: binoc-stdlib/src/test_vectors.rs
expression: "&stable_changeset"
---
{
  "from_snapshot": "snapshot-a",
  "to_snapshot": "snapshot-b",
  "claims": [],
  "root": {
    "action": "modify",
    "item_type": "directory",
    "path": "",
    "children": [
      {
        "action": "modify",
        "item_type": "tabular",
        "path": "data.csv",
        "sources": [
          {
            "path": "data.csv",
            "side": "from",
            "evidence": "binoc.pair.name",
            "action": "modify"
          }
        ],
        "summary": [
          {
            "text": "Column added: 'email'"
          }
        ],
        "tags": [
          "binoc.column-addition",
          "binoc.schema-change"
        ],
        "details": {
          "edits": [
            {
              "params": {
                "from": [
                  "name",
                  "age"
                ],
                "to": [
                  "name",
                  "age",
                  "email"
                ]
              },
              "verb": "tabular.set_headers"
            },
            {
              "params": {
                "name": "email",
                "values": {
                  "total_values": 2,
                  "truncated": false,
                  "values": [
                    "alice@test.com",
                    "bob@test.com"
                  ]
                }
              },
              "verb": "tabular.add_column"
            }
          ]
        }
      }
    ]
  }
}
