---
source: binoc-stdlib/src/test_vectors.rs
expression: "&md"
---
# Changelog: snapshot-a → snapshot-b

- **rows.xml**: Document values changed
  - Value Change: changes: [{"from":"2","kind":"array_length","path":"$.response.row.row","to":"3"},{"from":null,"kind":"add","path":"$.response.row.row[2]","to":"{\"@_id\":\"row-3\",\"@_...; examples_truncated: false
