---
source: binoc-stdlib/src/test_vectors.rs
expression: "&stable_changeset"
---
{
  "from_snapshot": "snapshot-a",
  "to_snapshot": "snapshot-b",
  "root": {
    "action": "modify",
    "item_type": "directory",
    "path": "",
    "children": [
      {
        "action": "modify",
        "item_type": "tabular",
        "path": "data.sas7bdat",
        "summary": [
          {
            "text": "Column added: 'score'"
          }
        ],
        "tags": [
          "binoc.column-addition",
          "binoc.schema-change"
        ],
        "details": {
          "cells_changed": 0,
          "columns_added": [
            "score"
          ],
          "columns_left": [
            "id",
            "name"
          ],
          "columns_removed": [],
          "columns_right": [
            "id",
            "name",
            "score"
          ],
          "hash_left": "f2941fd4a6e81b069b936ad4da1245b04dcaeac8565537990da27bec7c3a3a1f",
          "hash_right": "958311fa5e7cd5095f39555f73e1b7f6b1f32936e883e50c506c21a5829c59a0",
          "left_metadata": {
            "cell_encoding": "values flattened to display strings; SAS missing values use '.', '.A' ... where available; value labels are metadata only",
            "columns": {},
            "dataset_label": null,
            "dataset_name": "BINOCTST",
            "format": "sas7bdat"
          },
          "right_metadata": {
            "cell_encoding": "values flattened to display strings; SAS missing values use '.', '.A' ... where available; value labels are metadata only",
            "columns": {},
            "dataset_label": null,
            "dataset_name": "BINOCTST",
            "format": "sas7bdat"
          },
          "rows_added": 0,
          "rows_left": 2,
          "rows_removed": 0,
          "rows_right": 2
        },
        "comparator": "binoc-stat-binary.sas7bdat",
        "transformed_by": [
          "binoc.tabular_analyzer"
        ]
      }
    ],
    "comparator": "binoc.directory"
  }
}
