---
source: binoc-stdlib/src/test_vectors.rs
expression: "&abi_log"
---
[
  {
    "method": "compare",
    "plugin": "binoc.directory",
    "data_ops": [
      {
        "op": "local_path",
        "handle": ""
      },
      {
        "op": "local_path",
        "handle": ""
      },
      {
        "op": "register_local",
        "logical": "data"
      },
      {
        "op": "register_local",
        "logical": "data"
      },
      {
        "op": "register_local",
        "logical": "data.tar.gz"
      },
      {
        "op": "read_bytes",
        "handle": "data.tar.gz",
        "result_size": 148
      },
      {
        "op": "register_local",
        "logical": "data.tar.gz"
      },
      {
        "op": "read_bytes",
        "handle": "data.tar.gz",
        "result_size": 148
      }
    ]
  },
  {
    "method": "compare",
    "plugin": "binoc.directory",
    "data_ops": [
      {
        "op": "local_path",
        "handle": "data"
      },
      {
        "op": "local_path",
        "handle": "data"
      },
      {
        "op": "register_local",
        "logical": "data/records.csv"
      },
      {
        "op": "read_bytes",
        "handle": "data/records.csv",
        "result_size": 22
      },
      {
        "op": "register_local",
        "logical": "data/records.csv"
      },
      {
        "op": "read_bytes",
        "handle": "data/records.csv",
        "result_size": 32
      }
    ]
  },
  {
    "method": "compare",
    "plugin": "binoc.csv",
    "data_ops": [
      {
        "op": "local_path",
        "handle": "data/records.csv"
      },
      {
        "op": "local_path",
        "handle": "data/records.csv"
      },
      {
        "op": "publish_artifact",
        "format": {
          "package": "binoc",
          "name": "tabular",
          "version": 1
        },
        "subject": "Left",
        "producer": "binoc.csv",
        "size": 60
      },
      {
        "op": "publish_artifact",
        "format": {
          "package": "binoc",
          "name": "tabular",
          "version": 1
        },
        "subject": "Right",
        "producer": "binoc.csv",
        "size": 76
      }
    ]
  },
  {
    "method": "compare",
    "plugin": "binoc.tar",
    "data_ops": [
      {
        "op": "local_path",
        "handle": "data.tar.gz"
      },
      {
        "op": "workspace"
      },
      {
        "op": "register_local",
        "logical": "data.tar.gz"
      },
      {
        "op": "local_path",
        "handle": "data.tar.gz"
      },
      {
        "op": "workspace"
      },
      {
        "op": "register_local",
        "logical": "data.tar.gz"
      }
    ]
  },
  {
    "method": "compare",
    "plugin": "binoc.directory",
    "data_ops": [
      {
        "op": "local_path",
        "handle": "data.tar.gz"
      },
      {
        "op": "local_path",
        "handle": "data.tar.gz"
      },
      {
        "op": "register_local",
        "logical": "data.tar.gz/records.csv"
      },
      {
        "op": "read_bytes",
        "handle": "data.tar.gz/records.csv",
        "result_size": 36
      },
      {
        "op": "register_local",
        "logical": "data.tar.gz/records.csv"
      },
      {
        "op": "read_bytes",
        "handle": "data.tar.gz/records.csv",
        "result_size": 36
      }
    ]
  },
  {
    "method": "compare",
    "plugin": "binoc.csv",
    "data_ops": [
      {
        "op": "local_path",
        "handle": "data.tar.gz/records.csv"
      },
      {
        "op": "local_path",
        "handle": "data.tar.gz/records.csv"
      },
      {
        "op": "publish_artifact",
        "format": {
          "package": "binoc",
          "name": "tabular",
          "version": 1
        },
        "subject": "Left",
        "producer": "binoc.csv",
        "size": 80
      },
      {
        "op": "publish_artifact",
        "format": {
          "package": "binoc",
          "name": "tabular",
          "version": 1
        },
        "subject": "Right",
        "producer": "binoc.csv",
        "size": 80
      }
    ]
  },
  {
    "method": "transform",
    "plugin": "binoc.correlation_detector",
    "data_ops": []
  },
  {
    "method": "transform",
    "plugin": "binoc.fuzzy_correlation_detector",
    "data_ops": []
  },
  {
    "method": "transform",
    "plugin": "binoc.folder_move_detector",
    "data_ops": []
  },
  {
    "method": "transform",
    "plugin": "binoc.table_splitter",
    "data_ops": [
      {
        "op": "get_artifact",
        "format": {
          "package": "binoc",
          "name": "tabular",
          "version": 1
        },
        "found": true
      },
      {
        "op": "get_artifact",
        "format": {
          "package": "binoc",
          "name": "tabular",
          "version": 1
        },
        "found": true
      }
    ]
  },
  {
    "method": "transform",
    "plugin": "binoc.table_splitter",
    "data_ops": [
      {
        "op": "get_artifact",
        "format": {
          "package": "binoc",
          "name": "tabular",
          "version": 1
        },
        "found": true
      },
      {
        "op": "get_artifact",
        "format": {
          "package": "binoc",
          "name": "tabular",
          "version": 1
        },
        "found": true
      }
    ]
  },
  {
    "method": "transform",
    "plugin": "binoc.tabular_analyzer",
    "data_ops": [
      {
        "op": "get_artifact",
        "format": {
          "package": "binoc",
          "name": "tabular",
          "version": 1
        },
        "found": true
      },
      {
        "op": "get_artifact",
        "format": {
          "package": "binoc",
          "name": "tabular",
          "version": 1
        },
        "found": true
      }
    ]
  },
  {
    "method": "transform",
    "plugin": "binoc.tabular_analyzer",
    "data_ops": [
      {
        "op": "get_artifact",
        "format": {
          "package": "binoc",
          "name": "tabular",
          "version": 1
        },
        "found": true
      },
      {
        "op": "get_artifact",
        "format": {
          "package": "binoc",
          "name": "tabular",
          "version": 1
        },
        "found": true
      }
    ]
  }
]
