---
source: binoc-stdlib/src/test_vectors.rs
expression: "&stable_changeset"
---
{
  "from_snapshot": "snapshot-a",
  "to_snapshot": "snapshot-b",
  "claims": [],
  "root": {
    "action": "modify",
    "item_type": "directory",
    "path": "",
    "children": [
      {
        "action": "modify",
        "item_type": "file",
        "path": "data.tar.gz",
        "children": [
          {
            "action": "modify",
            "item_type": "tabular",
            "path": "data.tar.gz/>records.csv",
            "sources": [
              {
                "path": "data.tar.gz/>records.csv",
                "side": "from",
                "evidence": "binoc.pair.name",
                "action": "modify"
              }
            ],
            "summary": [
              {
                "text": "1 cell changed"
              }
            ],
            "tags": [
              "binoc.cell-change",
              "binoc.dialect-inferred"
            ],
            "details": {
              "edits": [
                {
                  "params": {
                    "column": "count",
                    "from": "20",
                    "row": 1,
                    "to": "25"
                  },
                  "verb": "tabular.edit_cell"
                }
              ]
            },
            "annotations": [
              {
                "package": "binoc",
                "key": "dialect_provenance",
                "value": "detected comma-delimited, no quoting, newline LF"
              }
            ]
          }
        ]
      },
      {
        "action": "modify",
        "item_type": "directory",
        "path": "data",
        "children": [
          {
            "action": "modify",
            "item_type": "tabular",
            "path": "data/records.csv",
            "sources": [
              {
                "path": "data/records.csv",
                "side": "from",
                "evidence": "binoc.pair.name",
                "action": "modify"
              }
            ],
            "summary": [
              {
                "text": "1 row added"
              }
            ],
            "tags": [
              "binoc.dialect-inferred",
              "binoc.row-addition"
            ],
            "details": {
              "edits": [
                {
                  "params": {
                    "index": 2,
                    "values": {
                      "total_values": 2,
                      "truncated": false,
                      "values": [
                        "3",
                        "Charlie"
                      ]
                    }
                  },
                  "verb": "tabular.add_row"
                }
              ]
            },
            "annotations": [
              {
                "package": "binoc",
                "key": "dialect_provenance",
                "value": "detected comma-delimited, no quoting, newline LF"
              }
            ]
          }
        ]
      }
    ]
  }
}
