---
source: binoc-stdlib/src/test_vectors.rs
expression: "&md"
---
# Changelog: snapshot-a → snapshot-b

- **data/records.csv**: 1 row added
- **data.tar.gz/records.csv**: 1 cell changed
  - Changed cells; use `binoc extract CHANGESET "data.tar.gz/records.csv" cells_changed` for all changed cells
    - row 2, column 'count': '20' -> '25'
