---
source: binoc-stdlib/src/test_vectors.rs
expression: "&stable_changeset"
---
{
  "from_snapshot": "snapshot-a",
  "to_snapshot": "snapshot-b",
  "root": {
    "action": "modify",
    "item_type": "directory",
    "path": "",
    "children": [
      {
        "action": "modify",
        "item_type": "item",
        "path": "data.tar.gz",
        "children": [
          {
            "action": "modify",
            "item_type": "tabular",
            "path": "data.tar.gz/records.csv",
            "summary": [
              {
                "uint": 1
              },
              {
                "text": " edit"
              }
            ],
            "tags": [
              "binoc.cell-change"
            ],
            "details": {
              "edits": [
                {
                  "params": {
                    "column": "count",
                    "from": "20",
                    "row": 1,
                    "to": "25"
                  },
                  "verb": "tabular.edit_cell"
                }
              ]
            }
          }
        ]
      },
      {
        "action": "modify",
        "item_type": "item",
        "path": "data",
        "children": [
          {
            "action": "modify",
            "item_type": "tabular",
            "path": "data/records.csv",
            "summary": [
              {
                "uint": 1
              },
              {
                "text": " edit"
              }
            ],
            "tags": [
              "binoc.row-addition"
            ],
            "details": {
              "edits": [
                {
                  "params": {
                    "index": 2,
                    "values": {
                      "total_values": 2,
                      "truncated": false,
                      "values": [
                        "3",
                        "Charlie"
                      ]
                    }
                  },
                  "verb": "tabular.add_row"
                }
              ]
            }
          }
        ]
      }
    ]
  }
}
