---
source: binoc-stdlib/src/test_vectors.rs
assertion_line: 373
expression: "&md"
---
# Changelog: snapshot-a → snapshot-b

Need plugin background? See the [plugin registry](https://harvard-lil.github.io/binoc/users/reference/plugin-registry/).

- **data.tar.gz/>records.csv**: 1 cell changed
  - Changed cells
    - row 2, column 'count': '20' -> '25'
- **data/records.csv**: 1 row added
  - Rows added
    - row 3: '3', 'Charlie'
