---
source: binoc-stdlib/src/test_vectors.rs
expression: "&abi_log"
---
[
  {
    "method": "compare",
    "plugin": "binoc.directory",
    "data_ops": [
      {
        "op": "local_path",
        "handle": ""
      },
      {
        "op": "local_path",
        "handle": ""
      },
      {
        "op": "register_local",
        "logical": "new_name.bin"
      },
      {
        "op": "read_bytes",
        "handle": "new_name.bin",
        "result_size": 39
      },
      {
        "op": "register_local",
        "logical": "old_name.bin"
      },
      {
        "op": "read_bytes",
        "handle": "old_name.bin",
        "result_size": 39
      }
    ]
  },
  {
    "method": "compare",
    "plugin": "binoc.binary",
    "data_ops": []
  },
  {
    "method": "compare",
    "plugin": "binoc.binary",
    "data_ops": []
  },
  {
    "method": "transform",
    "plugin": "binoc.move_detector",
    "data_ops": []
  },
  {
    "method": "transform",
    "plugin": "binoc.copy_detector",
    "data_ops": []
  }
]
