---
source: binoc-stdlib/src/test_vectors.rs
expression: "&md"
---
# Changelog: snapshot-a -> snapshot-b

- **census.txt.gz/>census.txt**: 1 line added; 1 line removed
  - Line changes
    - line 2: '1|Aroostook|120' -> '1|Aroostook|121'
- **data.csv.gz/>data.csv**: 1 row added; 1 cell changed
  - Changed cells
    - row 2, column 'name': 'Bob' -> 'Robert'
  - Rows added
    - row 3: '3', 'Carla'
