---
source: binoc-stdlib/src/test_vectors.rs
expression: "&stable_changeset"
---
{
  "from_snapshot": "snapshot-a",
  "to_snapshot": "snapshot-b",
  "root": {
    "action": "modify",
    "item_type": "directory",
    "path": "",
    "summary": [
      {
        "uint": 0
      },
      {
        "text": " edits"
      }
    ],
    "children": [
      {
        "action": "add",
        "item_type": "text",
        "path": "new_file.txt",
        "summary": [
          {
            "text": "Added"
          }
        ],
        "tags": [
          "binoc.content-changed"
        ]
      }
    ]
  }
}
