---
source: binoc-stdlib/src/test_vectors.rs
expression: "&stable_changeset"
---
{
  "from_snapshot": "snapshot-a",
  "to_snapshot": "snapshot-b",
  "claims": [],
  "root": {
    "action": "modify",
    "item_type": "directory",
    "path": "",
    "children": [
      {
        "action": "modify",
        "item_type": "metadata",
        "path": "data.xpt",
        "sources": [
          {
            "path": "data.xpt",
            "side": "from",
            "evidence": "binoc.pair.name",
            "action": "modify"
          }
        ],
        "summary": [
          {
            "text": "File metadata changed"
          }
        ],
        "tags": [
          "binoc.metadata-change",
          "binoc.metadata.file",
          "binoc.metadata.provenance"
        ],
        "children": [
          {
            "action": "modify",
            "item_type": "tabular",
            "path": "data.xpt/>DM",
            "sources": [
              {
                "path": "data.xpt/>DM",
                "side": "from",
                "evidence": "binoc.pair.name",
                "action": "modify"
              }
            ],
            "summary": [
              {
                "text": "1 row added"
              }
            ],
            "tags": [
              "binoc.row-addition"
            ],
            "details": {
              "edits": [
                {
                  "params": {
                    "index": 1,
                    "values": {
                      "total_values": 2,
                      "truncated": false,
                      "values": [
                        "2",
                        "Bob"
                      ]
                    }
                  },
                  "verb": "tabular.add_row"
                }
              ]
            }
          },
          {
            "action": "add",
            "item_type": "tabular",
            "path": "data.xpt/>LB",
            "sources": [
              {
                "path": "data.xpt/>LB",
                "side": "to",
                "action": "add"
              }
            ],
            "summary": [
              {
                "text": "Added"
              }
            ],
            "tags": [
              "binoc.content-changed"
            ]
          }
        ],
        "details": {
          "edits": [
            {
              "params": {
                "changes": [
                  {
                    "from": [
                      {
                        "logical_name": "AE",
                        "node_name": "AE"
                      },
                      {
                        "logical_name": "DM",
                        "node_name": "DM"
                      }
                    ],
                    "key": "datasets",
                    "kind": "changed",
                    "to": [
                      {
                        "logical_name": "AE",
                        "node_name": "AE"
                      },
                      {
                        "logical_name": "DM",
                        "node_name": "DM"
                      },
                      {
                        "logical_name": "LB",
                        "node_name": "LB"
                      }
                    ]
                  }
                ],
                "examples_truncated": false,
                "scope": "file"
              },
              "verb": "metadata.value_change"
            }
          ]
        }
      }
    ]
  }
}
