---
source: binoc-stdlib/src/test_vectors.rs
expression: "&md"
---
# Changelog: snapshot-a → snapshot-b

Need plugin background? See the [plugin registry](https://harvard-lil.github.io/binoc/users/reference/plugin-registry/).

- **enterprise.stix.json**: 1 row modified by key
  - Changed cells
    - key id 'attack-pattern--1', column 'name': 'Old Name' -> 'New Name'
