---
source: binoc-stdlib/src/test_vectors.rs
expression: "&md"
---
# Changelog: snapshot-a → snapshot-b

Need plugin background? See the [plugin registry](https://harvard-lil.github.io/binoc/users/reference/plugin-registry/).

- **data.tsv**: 2 cells changed
  - Dialect provenance: detected tab-delimited, no quoting, newline LF
  - Changed cells
    - row 1, column 'age': '30' -> '31'
    - row 2, column 'city': 'Boston' -> 'Cambridge'
